Archive member included because of file (symbol)

c:/freescale/kds_1.1.0/toolchain/bin/../lib/gcc/arm-none-eabi/4.8.0\libgcc.a(_udivsi3.o)
                              ./Generated_Code/UTIL1.o (__aeabi_uidiv)
c:/freescale/kds_1.1.0/toolchain/bin/../lib/gcc/arm-none-eabi/4.8.0\libgcc.a(_divsi3.o)
                              ./Generated_Code/UTIL1.o (__aeabi_idiv)
c:/freescale/kds_1.1.0/toolchain/bin/../lib/gcc/arm-none-eabi/4.8.0\libgcc.a(_dvmd_tls.o)
                              c:/freescale/kds_1.1.0/toolchain/bin/../lib/gcc/arm-none-eabi/4.8.0\libgcc.a(_udivsi3.o) (__aeabi_idiv0)
c:/freescale/kds_1.1.0/toolchain/bin/../lib/gcc/arm-none-eabi/4.8.0/../../../../arm-none-eabi/lib\libg_s.a(lib_a-atexit.o)
                              c:/freescale/kds_1.1.0/toolchain/bin/../lib/gcc/arm-none-eabi/4.8.0/../../../../arm-none-eabi/lib/crt0.o (atexit)
c:/freescale/kds_1.1.0/toolchain/bin/../lib/gcc/arm-none-eabi/4.8.0/../../../../arm-none-eabi/lib\libg_s.a(lib_a-exit.o)
                              c:/freescale/kds_1.1.0/toolchain/bin/../lib/gcc/arm-none-eabi/4.8.0/../../../../arm-none-eabi/lib/crt0.o (exit)
c:/freescale/kds_1.1.0/toolchain/bin/../lib/gcc/arm-none-eabi/4.8.0/../../../../arm-none-eabi/lib\libg_s.a(lib_a-fini.o)
                              c:/freescale/kds_1.1.0/toolchain/bin/../lib/gcc/arm-none-eabi/4.8.0/../../../../arm-none-eabi/lib\libg_s.a(lib_a-exit.o) (__libc_fini_array)
c:/freescale/kds_1.1.0/toolchain/bin/../lib/gcc/arm-none-eabi/4.8.0/../../../../arm-none-eabi/lib\libg_s.a(lib_a-impure.o)
                              c:/freescale/kds_1.1.0/toolchain/bin/../lib/gcc/arm-none-eabi/4.8.0/../../../../arm-none-eabi/lib\libg_s.a(lib_a-exit.o) (_global_impure_ptr)
c:/freescale/kds_1.1.0/toolchain/bin/../lib/gcc/arm-none-eabi/4.8.0/../../../../arm-none-eabi/lib\libg_s.a(lib_a-memcpy.o)
                              ./Generated_Code/queue.o (memcpy)
c:/freescale/kds_1.1.0/toolchain/bin/../lib/gcc/arm-none-eabi/4.8.0/../../../../arm-none-eabi/lib\libg_s.a(lib_a-memset.o)
                              c:/freescale/kds_1.1.0/toolchain/bin/../lib/gcc/arm-none-eabi/4.8.0/../../../../arm-none-eabi/lib/crt0.o (memset)
c:/freescale/kds_1.1.0/toolchain/bin/../lib/gcc/arm-none-eabi/4.8.0/../../../../arm-none-eabi/lib\libg_s.a(lib_a-setjmp.o)
                              ./Generated_Code/port.o (setjmp)
c:/freescale/kds_1.1.0/toolchain/bin/../lib/gcc/arm-none-eabi/4.8.0/../../../../arm-none-eabi/lib\libg_s.a(lib_a-sprintf.o)
                              ./Sources/freeRTOS_tasks.o (sprintf)
c:/freescale/kds_1.1.0/toolchain/bin/../lib/gcc/arm-none-eabi/4.8.0/../../../../arm-none-eabi/lib\libg_s.a(lib_a-strchr.o)
                              ./Generated_Code/UTIL1.o (strchr)
c:/freescale/kds_1.1.0/toolchain/bin/../lib/gcc/arm-none-eabi/4.8.0/../../../../arm-none-eabi/lib\libg_s.a(lib_a-strlen.o)
                              ./Generated_Code/UTIL1.o (strlen)
c:/freescale/kds_1.1.0/toolchain/bin/../lib/gcc/arm-none-eabi/4.8.0/../../../../arm-none-eabi/lib\libg_s.a(lib_a-strncmp.o)
                              ./Generated_Code/UTIL1.o (strncmp)
c:/freescale/kds_1.1.0/toolchain/bin/../lib/gcc/arm-none-eabi/4.8.0/../../../../arm-none-eabi/lib\libg_s.a(lib_a-svfprintf.o)
                              c:/freescale/kds_1.1.0/toolchain/bin/../lib/gcc/arm-none-eabi/4.8.0/../../../../arm-none-eabi/lib\libg_s.a(lib_a-sprintf.o) (_svfprintf_r)
c:/freescale/kds_1.1.0/toolchain/bin/../lib/gcc/arm-none-eabi/4.8.0/../../../../arm-none-eabi/lib\libg_s.a(lib_a-syscalls.o)
                              c:/freescale/kds_1.1.0/toolchain/bin/../lib/gcc/arm-none-eabi/4.8.0/../../../../arm-none-eabi/lib\libg_s.a(lib_a-exit.o) (_exit)
c:/freescale/kds_1.1.0/toolchain/bin/../lib/gcc/arm-none-eabi/4.8.0/../../../../arm-none-eabi/lib\libg_s.a(lib_a-vfprintf_i.o)
                              c:/freescale/kds_1.1.0/toolchain/bin/../lib/gcc/arm-none-eabi/4.8.0/../../../../arm-none-eabi/lib\libg_s.a(lib_a-svfprintf.o) (_printf_i)
c:/freescale/kds_1.1.0/toolchain/bin/../lib/gcc/arm-none-eabi/4.8.0/../../../../arm-none-eabi/lib\libg_s.a(lib_a-__atexit.o)
                              c:/freescale/kds_1.1.0/toolchain/bin/../lib/gcc/arm-none-eabi/4.8.0/../../../../arm-none-eabi/lib\libg_s.a(lib_a-atexit.o) (__do_register_exitproc)
c:/freescale/kds_1.1.0/toolchain/bin/../lib/gcc/arm-none-eabi/4.8.0/../../../../arm-none-eabi/lib\libg_s.a(lib_a-__call_atexit.o)
                              c:/freescale/kds_1.1.0/toolchain/bin/../lib/gcc/arm-none-eabi/4.8.0/../../../../arm-none-eabi/lib\libg_s.a(lib_a-__atexit.o) (__call_exitprocs)
c:/freescale/kds_1.1.0/toolchain/bin/../lib/gcc/arm-none-eabi/4.8.0/../../../../arm-none-eabi/lib\libg_s.a(lib_a-errno.o)
                              c:/freescale/kds_1.1.0/toolchain/bin/../lib/gcc/arm-none-eabi/4.8.0/../../../../arm-none-eabi/lib\libg_s.a(lib_a-syscalls.o) (__errno)
c:/freescale/kds_1.1.0/toolchain/bin/../lib/gcc/arm-none-eabi/4.8.0/../../../../arm-none-eabi/lib\libg_s.a(lib_a-freer.o)
[...]
Memory Configuration

Name             Origin             Length             Attributes
m_interrupts     0x00000000         0x000000c0         xr
m_text           0x00000410         0x0003fbf0         xr
m_data           0x1fffe000         0x00008000         rw
m_cfmprotrom     0x00000400         0x00000010         xr
*default*        0x00000000         0xffffffff

Linker script and memory map

LOAD c:/freescale/kds_1.1.0/toolchain/bin/../lib/gcc/arm-none-eabi/4.8.0/crti.o
LOAD c:/freescale/kds_1.1.0/toolchain/bin/../lib/gcc/arm-none-eabi/4.8.0/crtbegin.o
LOAD c:/freescale/kds_1.1.0/toolchain/bin/../lib/gcc/arm-none-eabi/4.8.0/../../../../arm-none-eabi/lib/crt0.o
LOAD ./Sources/LCD/LCD.o
LOAD ./Sources/LCD/s401.o
LOAD ./Sources/Events.o
LOAD ./Sources/freeRTOS_tasks.o
LOAD ./Sources/main.o
LOAD ./Project_Settings/Startup_Code/startup.o
LOAD ./Generated_Code/BitIoLdd1.o
LOAD ./Generated_Code/Cpu.o
LOAD ./Generated_Code/CsIO1.o
LOAD ./Generated_Code/FRTOS1.o
LOAD ./Generated_Code/IO1.o
LOAD ./Generated_Code/LedPtd5.o
LOAD ./Generated_Code/PE_LDD.o
LOAD ./Generated_Code/SegLCD1.o
LOAD ./Generated_Code/UTIL1.o
LOAD ./Generated_Code/Vectors.o
LOAD ./Generated_Code/croutine.o
LOAD ./Generated_Code/event_groups.o
LOAD ./Generated_Code/heap_1.o
LOAD ./Generated_Code/heap_2.o
LOAD ./Generated_Code/heap_3.o
LOAD ./Generated_Code/heap_4.o
LOAD ./Generated_Code/list.o
LOAD ./Generated_Code/port.o
LOAD ./Generated_Code/queue.o
LOAD ./Generated_Code/tasks.o
LOAD ./Generated_Code/timers.o
LOAD c:/freescale/kds_1.1.0/toolchain/bin/../lib/gcc/arm-none-eabi/4.8.0/../../../../arm-none-eabi/lib\libstdc++.a
LOAD c:/freescale/kds_1.1.0/toolchain/bin/../lib/gcc/arm-none-eabi/4.8.0/../../../../arm-none-eabi/lib\libm.a
START GROUP
LOAD c:/freescale/kds_1.1.0/toolchain/bin/../lib/gcc/arm-none-eabi/4.8.0\libgcc.a
LOAD c:/freescale/kds_1.1.0/toolchain/bin/../lib/gcc/arm-none-eabi/4.8.0/../../../../arm-none-eabi/lib\libg_s.a
LOAD c:/freescale/kds_1.1.0/toolchain/bin/../lib/gcc/arm-none-eabi/4.8.0/../../../../arm-none-eabi/lib\libc_s.a
END GROUP
LOAD c:/freescale/kds_1.1.0/toolchain/bin/../lib/gcc/arm-none-eabi/4.8.0/crtend.o
LOAD c:/freescale/kds_1.1.0/toolchain/bin/../lib/gcc/arm-none-eabi/4.8.0/crtn.o
                0x20006000                _estack = 0x20006000
                0x20006000                __SP_INIT = _estack
                0x00000000                __heap_size = 0x0
                0x00000400                __stack_size = 0x400

.interrupts     0x00000000       0xc0
                0x00000000                __vector_table = .
                0x00000000                . = ALIGN (0x4)
 *(.vectortable)
 .vectortable   0x00000000       0xc0 ./Generated_Code/Vectors.o
                0x00000000                __vect_table
                0x000000c0                . = ALIGN (0x4)

.cfmprotect     0x00000400       0x10
                0x00000400                . = ALIGN (0x4)
 *(.cfmconfig)
 .cfmconfig     0x00000400       0x10 ./Generated_Code/Cpu.o
                0x00000400                _cfm
                0x00000410                . = ALIGN (0x4)

.text           0x00000410     0x22c8
                0x00000410                . = ALIGN (0x4)
 *(.text)
 .text          0x00000410       0x9c c:/freescale/kds_1.1.0/toolchain/bin/../lib/gcc/arm-none-eabi/4.8.0\libgcc.a(_udivsi3.o)
                0x00000410                __aeabi_uidiv
                0x00000410                __udivsi3
                0x00000498                __aeabi_uidivmod
 .text          0x000004ac        0x4 c:/freescale/kds_1.1.0/toolchain/bin/../lib/gcc/arm-none-eabi/4.8.0\libgcc.a(_dvmd_tls.o)
                0x000004ac                __aeabi_idiv0
                0x000004ac                __aeabi_ldiv0
 .text          0x000004b0       0x34 c:/freescale/kds_1.1.0/toolchain/bin/../lib/gcc/arm-none-eabi/4.8.0/../../../../arm-none-eabi/lib\libg_s.a(lib_a-setjmp.o)
                0x000004b0                setjmp
                0x000004c8                longjmp
 *(.text*)
 .text.deregister_tm_clones
                0x000004e4       0x24 c:/freescale/kds_1.1.0/toolchain/bin/../lib/gcc/arm-none-eabi/4.8.0/crtbegin.o
 .text.register_tm_clones
                0x00000508       0x28 c:/freescale/kds_1.1.0/toolchain/bin/../lib/gcc/arm-none-eabi/4.8.0/crtbegin.o
 .text.__do_global_dtors_aux
                0x00000530       0x30 c:/freescale/kds_1.1.0/toolchain/bin/../lib/gcc/arm-none-eabi/4.8.0/crtbegin.o
 .text.frame_dummy
                0x00000560       0x3c c:/freescale/kds_1.1.0/toolchain/bin/../lib/gcc/arm-none-eabi/4.8.0/crtbegin.o
 .text.vfnLCD_Write_Msg
                0x0000059c       0x74 ./Sources/LCD/LCD.o
                0x0000059c                vfnLCD_Write_Msg
 .text.vfnLCD_Write_Char
                0x00000610      0x120 ./Sources/LCD/LCD.o
                0x00000610                vfnLCD_Write_Char
 .text.Cpu_OnNMIINT
                0x00000730        0x8 ./Sources/Events.o
                0x00000730                Cpu_OnNMIINT
 .text.FRTOS1_vApplicationTickHook
                0x00000738        0x8 ./Sources/Events.o
                0x00000738                FRTOS1_vApplicationTickHook
 .text.FRTOS1_vApplicationIdleHook
                0x00000740        0x8 ./Sources/Events.o
                0x00000740                FRTOS1_vApplicationIdleHook
 .text.FRTOS1_vApplicationMallocFailedHook
                0x00000748        0x8 ./Sources/Events.o
                0x00000748                FRTOS1_vApplicationMallocFailedHook
 .text.LedBlink_task
                0x00000750       0x24 ./Sources/freeRTOS_tasks.o
                0x00000750                LedBlink_task
 .text.LcdCounter_task
                0x00000774       0x68 ./Sources/freeRTOS_tasks.o
                0x00000774                LcdCounter_task
 .text.main     0x000007dc       0x64 ./Sources/main.o
                0x000007dc                main
 .text.__flush_cache
                0x00000840       0x10 ./Project_Settings/Startup_Code/startup.o
                0x00000840                __flush_cache
 .text.__copy_rom_section
                0x00000850       0xd8 ./Project_Settings/Startup_Code/startup.o
                0x00000850                __copy_rom_section
 .text.__copy_rom_sections_to_ram
                0x00000928       0xc0 ./Project_Settings/Startup_Code/startup.o
                0x00000928                __copy_rom_sections_to_ram
 .text.zero_fill_bss
                0x000009e8       0xac ./Project_Settings/Startup_Code/startup.o
 .text.__init_registers
                0x00000a94        0x8 ./Project_Settings/Startup_Code/startup.o
                0x00000a94                __init_registers
 .text.__init_user
                0x00000a9c        0x8 ./Project_Settings/Startup_Code/startup.o
                0x00000a9c                __init_user
 .text.__thumb_startup
                0x00000aa4       0x48 ./Project_Settings/Startup_Code/startup.o
                0x00000aa4                __thumb_startup
 .text.BitIoLdd1_Init
                0x00000aec       0x60 ./Generated_Code/BitIoLdd1.o
                0x00000aec                BitIoLdd1_Init
 .text.BitIoLdd1_NegVal
                0x00000b4c       0x18 ./Generated_Code/BitIoLdd1.o
                0x00000b4c                BitIoLdd1_NegVal
 .text.Cpu_INT_NMIInterrupt
                0x00000b64        0xc ./Generated_Code/Cpu.o
                0x00000b64                Cpu_INT_NMIInterrupt
 .text.Cpu_Interrupt
                0x00000b70        0xc ./Generated_Code/Cpu.o
                0x00000b70                Cpu_Interrupt
 .text.__init_hardware
                0x00000b7c      0x188 ./Generated_Code/Cpu.o
                0x00000b7c                __init_hardware
 .text.PE_low_level_init
                0x00000d04       0xe0 ./Generated_Code/Cpu.o
                0x00000d04                PE_low_level_init
 .text.IO1_Init
                0x00000de4      0x110 ./Generated_Code/IO1.o
                0x00000de4                IO1_Init
 .text.SegLCD1_Init
                0x00000ef4      0x1a8 ./Generated_Code/SegLCD1.o
                0x00000ef4                SegLCD1_Init
 .text.pvPortMalloc
                0x0000109c      0x124 ./Generated_Code/heap_2.o
                0x0000109c                pvPortMalloc
 .text.vPortFree
                0x000011c0       0x70 ./Generated_Code/heap_2.o
                0x000011c0                vPortFree
 .text.prvHeapInit
                0x00001230       0x4c ./Generated_Code/heap_2.o
 .text.vListInitialise
                0x0000127c       0x3c ./Generated_Code/list.o
                0x0000127c                vListInitialise
 .text.vListInitialiseItem
                0x000012b8       0x14 ./Generated_Code/list.o
                0x000012b8                vListInitialiseItem
 .text.vListInsertEnd
                0x000012cc       0x44 ./Generated_Code/list.o
                0x000012cc                vListInsertEnd
 .text.vListInsert
                0x00001310       0x6c ./Generated_Code/list.o
                0x00001310                vListInsert
 .text.uxListRemove
                0x0000137c       0x50 ./Generated_Code/list.o
                0x0000137c                uxListRemove
 .text.prvTaskExitError
                0x000013cc       0x18 ./Generated_Code/port.o
 .text.pxPortInitialiseStack
                0x000013e4       0x54 ./Generated_Code/port.o
                0x000013e4                pxPortInitialiseStack
 .text.vPortInitTickTimer
                0x00001438       0x3c ./Generated_Code/port.o
                0x00001438                vPortInitTickTimer
 .text.vPortStartTickTimer
                0x00001474       0x14 ./Generated_Code/port.o
                0x00001474                vPortStartTickTimer
 .text.vPortStopTickTimer
                0x00001488       0x14 ./Generated_Code/port.o
                0x00001488                vPortStopTickTimer
 .text.xPortStartScheduler
                0x0000149c       0x4c ./Generated_Code/port.o
                0x0000149c                xPortStartScheduler
 .text.vPortEnterCritical
                0x000014e8       0x20 ./Generated_Code/port.o
                0x000014e8                vPortEnterCritical
 .text.vPortExitCritical
                0x00001508       0x20 ./Generated_Code/port.o
                0x00001508                vPortExitCritical
 .text.vPortYieldFromISR
                0x00001528       0x1c ./Generated_Code/port.o
                0x00001528                vPortYieldFromISR
 .text.vPortTickHandler
                0x00001544       0x1c ./Generated_Code/port.o
                0x00001544                vPortTickHandler
 .text.vPortStartFirstTask
                0x00001560       0x1c ./Generated_Code/port.o
                0x00001560                vPortStartFirstTask
 .text.vPortSVCHandler
                0x0000157c       0x28 ./Generated_Code/port.o
                0x0000157c                vPortSVCHandler
 .text.vPortPendSVHandler
                0x000015a4       0x44 ./Generated_Code/port.o
                0x000015a4                vPortPendSVHandler
 .text.xTaskGenericCreate
                0x000015e8      0x16c ./Generated_Code/tasks.o
                0x000015e8                xTaskGenericCreate
 .text.vTaskDelay
                0x00001754       0x64 ./Generated_Code/tasks.o
                0x00001754                vTaskDelay
 .text.vTaskStartScheduler
                0x000017b8       0x64 ./Generated_Code/tasks.o
                0x000017b8                vTaskStartScheduler
 .text.vTaskSuspendAll
                0x0000181c       0x18 ./Generated_Code/tasks.o
                0x0000181c                vTaskSuspendAll
 .text.xTaskResumeAll
                0x00001834      0x108 ./Generated_Code/tasks.o
                0x00001834                xTaskResumeAll
 .text.xTaskIncrementTick
                0x0000193c      0x17c ./Generated_Code/tasks.o
                0x0000193c                xTaskIncrementTick
 .text.vTaskSwitchContext
                0x00001ab8       0xa0 ./Generated_Code/tasks.o
                0x00001ab8                vTaskSwitchContext
 .text.prvIdleTask
                0x00001b58       0x24 ./Generated_Code/tasks.o
 .text.prvInitialiseTCBVariables
                0x00001b7c       0x90 ./Generated_Code/tasks.o
 .text.prvInitialiseTaskLists
                0x00001c0c       0x7c ./Generated_Code/tasks.o
 .text.prvCheckTasksWaitingTermination
                0x00001c88        0x8 ./Generated_Code/tasks.o
 .text.prvAddCurrentTaskToDelayedList
                0x00001c90       0x6c ./Generated_Code/tasks.o
 .text.prvAllocateTCBAndStack
                0x00001cfc       0x70 ./Generated_Code/tasks.o
 .text.prvResetNextTaskUnblockTime
                0x00001d6c       0x44 ./Generated_Code/tasks.o
 .text.memcpy   0x00001db0       0x12 c:/freescale/kds_1.1.0/toolchain/bin/../lib/gcc/arm-none-eabi/4.8.0/../../../../arm-none-eabi/lib\libg_s.a(lib_a-memcpy.o)
                0x00001db0                memcpy
 .text.memset   0x00001dc2       0x12 c:/freescale/kds_1.1.0/toolchain/bin/../lib/gcc/arm-none-eabi/4.8.0/../../../../arm-none-eabi/lib\libg_s.a(lib_a-memset.o)
                0x00001dc2                memset
 .text.sprintf  0x00001dd4       0x44 c:/freescale/kds_1.1.0/toolchain/bin/../lib/gcc/arm-none-eabi/4.8.0/../../../../arm-none-eabi/lib\libg_s.a(lib_a-sprintf.o)
                0x00001dd4                siprintf
                0x00001dd4                sprintf
 .text.strlen   0x00001e18        0xe c:/freescale/kds_1.1.0/toolchain/bin/../lib/gcc/arm-none-eabi/4.8.0/../../../../arm-none-eabi/lib\libg_s.a(lib_a-strlen.o)
                0x00001e18                strlen
 *fill*         0x00001e26        0x2 
 .text.__ssputc_r
                0x00001e28       0xb0 c:/freescale/kds_1.1.0/toolchain/bin/../lib/gcc/arm-none-eabi/4.8.0/../../../../arm-none-eabi/lib\libg_s.a(lib_a-svfprintf.o)
                0x00001e28                __ssputc_r
 .text._svfprintf_r
                0x00001ed8      0x1f8 c:/freescale/kds_1.1.0/toolchain/bin/../lib/gcc/arm-none-eabi/4.8.0/../../../../arm-none-eabi/lib\libg_s.a(lib_a-svfprintf.o)
                0x00001ed8                _svfiprintf_r
                0x00001ed8                _svfprintf_r
 .text._sbrk    0x000020d0       0x38 c:/freescale/kds_1.1.0/toolchain/bin/../lib/gcc/arm-none-eabi/4.8.0/../../../../arm-none-eabi/lib\libg_s.a(lib_a-syscalls.o)
                0x000020d0                _sbrk
 .text._printf_common
                0x00002108       0xe0 c:/freescale/kds_1.1.0/toolchain/bin/../lib/gcc/arm-none-eabi/4.8.0/../../../../arm-none-eabi/lib\libg_s.a(lib_a-vfprintf_i.o)
                0x00002108                _printf_common
 .text._printf_i
                0x000021e8      0x230 c:/freescale/kds_1.1.0/toolchain/bin/../lib/gcc/arm-none-eabi/4.8.0/../../../../arm-none-eabi/lib\libg_s.a(lib_a-vfprintf_i.o)
                0x000021e8                _printf_i
 .text.__errno  0x00002418        0xc c:/freescale/kds_1.1.0/toolchain/bin/../lib/gcc/arm-none-eabi/4.8.0/../../../../arm-none-eabi/lib\libg_s.a(lib_a-errno.o)
                0x00002418                __errno
 .text._free_r  0x00002424       0x90 c:/freescale/kds_1.1.0/toolchain/bin/../lib/gcc/arm-none-eabi/4.8.0/../../../../arm-none-eabi/lib\libg_s.a(lib_a-freer.o)
                0x00002424                _free_r
 .text._malloc_r
                0x000024b4       0x98 c:/freescale/kds_1.1.0/toolchain/bin/../lib/gcc/arm-none-eabi/4.8.0/../../../../arm-none-eabi/lib\libg_s.a(lib_a-mallocr.o)
                0x000024b4                _malloc_r
 .text.memchr   0x0000254c       0x18 c:/freescale/kds_1.1.0/toolchain/bin/../lib/gcc/arm-none-eabi/4.8.0/../../../../arm-none-eabi/lib\libg_s.a(lib_a-memchr.o)
                0x0000254c                memchr
 .text._realloc_r
                0x00002564       0x4c c:/freescale/kds_1.1.0/toolchain/bin/../lib/gcc/arm-none-eabi/4.8.0/../../../../arm-none-eabi/lib\libg_s.a(lib_a-reallocr.o)
                0x00002564                _realloc_r
 .text._sbrk_r  0x000025b0       0x24 c:/freescale/kds_1.1.0/toolchain/bin/../lib/gcc/arm-none-eabi/4.8.0/../../../../arm-none-eabi/lib\libg_s.a(lib_a-sbrkr.o)
                0x000025b0                _sbrk_r
 .text._malloc_usable_size_r
                0x000025d4       0x14 c:/freescale/kds_1.1.0/toolchain/bin/../lib/gcc/arm-none-eabi/4.8.0/../../../../arm-none-eabi/lib\libg_s.a(lib_a-msizer.o)
                0x000025d4                _malloc_usable_size_r
 *(.rodata)
 .rodata        0x000025e8        0x8 ./Sources/freeRTOS_tasks.o
 .rodata        0x000025f0       0x20 ./Sources/main.o
 .rodata        0x00002610        0x8 ./Generated_Code/tasks.o
 *(.rodata*)
 .rodata.WF_ORDERING_TABLE
                0x00002618        0xc ./Sources/LCD/s401.o
                0x00002618                WF_ORDERING_TABLE
 .rodata.ASCII_TO_WF_CODIFICATION_TABLE
                0x00002624       0x64 ./Sources/LCD/s401.o
                0x00002624                ASCII_TO_WF_CODIFICATION_TABLE
 .rodata.str1.1
                0x00002688        0x2 c:/freescale/kds_1.1.0/toolchain/bin/../lib/gcc/arm-none-eabi/4.8.0/../../../../arm-none-eabi/lib\libg_s.a(lib_a-impure.o)
 .rodata.str1.1
                0x0000268a       0x11 c:/freescale/kds_1.1.0/toolchain/bin/../lib/gcc/arm-none-eabi/4.8.0/../../../../arm-none-eabi/lib\libg_s.a(lib_a-svfprintf.o)
 .rodata.str1.1
                0x0000269b       0x22 c:/freescale/kds_1.1.0/toolchain/bin/../lib/gcc/arm-none-eabi/4.8.0/../../../../arm-none-eabi/lib\libg_s.a(lib_a-vfprintf_i.o)
 *(.glue_7)
 .glue_7        0x00000000        0x0 linker stubs
 *(.glue_7t)
 .glue_7t       0x00000000        0x0 linker stubs
 *(.eh_frame)
 *fill*         0x000026bd        0x3 
 .eh_frame      0x000026c0        0x0 c:/freescale/kds_1.1.0/toolchain/bin/../lib/gcc/arm-none-eabi/4.8.0/crtbegin.o
 *(.init)
 .init          0x000026c0        0x4 c:/freescale/kds_1.1.0/toolchain/bin/../lib/gcc/arm-none-eabi/4.8.0/crti.o
                0x000026c0                _init
 .init          0x000026c4        0x8 c:/freescale/kds_1.1.0/toolchain/bin/../lib/gcc/arm-none-eabi/4.8.0/crtn.o
 *(.fini)
 .fini          0x000026cc        0x4 c:/freescale/kds_1.1.0/toolchain/bin/../lib/gcc/arm-none-eabi/4.8.0/crti.o
                0x000026cc                _fini
 .fini          0x000026d0        0x8 c:/freescale/kds_1.1.0/toolchain/bin/../lib/gcc/arm-none-eabi/4.8.0/crtn.o
                0x000026d8                . = ALIGN (0x4)
                0x000026d8                _etext = .

.vfp11_veneer   0x000026d8        0x0
 .vfp11_veneer  0x00000000        0x0 linker stubs

.v4_bx          0x000026d8        0x0
 .v4_bx         0x00000000        0x0 linker stubs

.iplt           0x000026d8        0x0
 .iplt          0x00000000        0x0 c:/freescale/kds_1.1.0/toolchain/bin/../lib/gcc/arm-none-eabi/4.8.0/crtbegin.o

.rel.dyn        0x000026d8        0x0
 .rel.iplt      0x00000000        0x0 c:/freescale/kds_1.1.0/toolchain/bin/../lib/gcc/arm-none-eabi/4.8.0/crtbegin.o

.ARM.extab
 *(.ARM.extab* .gnu.linkonce.armextab.*)

.ARM            0x000026d8        0x0
                0x000026d8                __exidx_start = .
 *(.ARM.exidx*)
                0x000026d8                __exidx_end = .

.ctors          0x000026d8        0x0
                0x000026d8                __CTOR_LIST__ = .
 *crtbegin.o(.ctors)
 *(EXCLUDE_FILE(*crtend.o) .ctors)
 *(SORT(.ctors.*))
 *(.ctors)
                0x000026d8                __CTOR_END__ = .

.dtors          0x000026d8        0x0
                0x000026d8                __DTOR_LIST__ = .
 *crtbegin.o(.dtors)
 *(EXCLUDE_FILE(*crtend.o) .dtors)
 *(SORT(.dtors.*))
 *(.dtors)
                0x000026d8                __DTOR_END__ = .

.preinit_array  0x000026d8        0x0
                0x000026d8                PROVIDE (__preinit_array_start, .)
 *(.preinit_array*)
                0x000026d8                PROVIDE (__preinit_array_end, .)

.init_array     0x000026d8        0x4
                0x000026d8                PROVIDE (__init_array_start, .)
 *(SORT(.init_array.*))
 *(.init_array*)
 .init_array    0x000026d8        0x4 c:/freescale/kds_1.1.0/toolchain/bin/../lib/gcc/arm-none-eabi/4.8.0/crtbegin.o
                0x000026dc                PROVIDE (__init_array_end, .)

.fini_array     0x000026dc        0x4
                0x000026dc                PROVIDE (__fini_array_start, .)
 *(SORT(.fini_array.*))
 *(.fini_array*)
 .fini_array    0x000026dc        0x4 c:/freescale/kds_1.1.0/toolchain/bin/../lib/gcc/arm-none-eabi/4.8.0/crtbegin.o
                0x000026e0                PROVIDE (__fini_array_end, .)
                0x000026e0                ___ROM_AT = .

.mtb            0x1fffe000        0x0
                0x1fffe000                . = ALIGN (0x8)
                0x1fffe000                _mtb_start = .
 *(.mtb_buf)
                0x1fffe000                . = ALIGN (0x8)
                0x1fffe000                _mtb_end = .

.data           0x1fffe000      0x2ac load address 0x000026e0
                0x1fffe000                . = ALIGN (0x4)
                0x1fffe000                _sdata = .
 *(.data)
 *(.data*)
 .data.xFreeBytesRemaining
                0x1fffe000        0x4 ./Generated_Code/heap_2.o
 .data.uxCriticalNesting
                0x1fffe004        0x4 ./Generated_Code/port.o
 .data.xNextTaskUnblockTime
                0x1fffe008        0x4 ./Generated_Code/tasks.o
 *fill*         0x1fffe00c        0x4 
 .data.impure_data
                0x1fffe010      0x298 c:/freescale/kds_1.1.0/toolchain/bin/../lib/gcc/arm-none-eabi/4.8.0/../../../../arm-none-eabi/lib\libg_s.a(lib_a-impure.o)
 .data._impure_ptr
                0x1fffe2a8        0x4 c:/freescale/kds_1.1.0/toolchain/bin/../lib/gcc/arm-none-eabi/4.8.0/../../../../arm-none-eabi/lib\libg_s.a(lib_a-impure.o)
                0x1fffe2a8                _impure_ptr
                0x1fffe2ac                . = ALIGN (0x4)
                0x1fffe2ac                _edata = .
                0x000002ac                ___data_size = (_edata - _sdata)

.jcr            0x1fffe2ac        0x0 load address 0x0000298c
 .jcr           0x1fffe2ac        0x0 c:/freescale/kds_1.1.0/toolchain/bin/../lib/gcc/arm-none-eabi/4.8.0/crtbegin.o

.tm_clone_table
                0x1fffe2ac        0x0 load address 0x0000298c
 .tm_clone_table
                0x1fffe2ac        0x0 c:/freescale/kds_1.1.0/toolchain/bin/../lib/gcc/arm-none-eabi/4.8.0/crtbegin.o
 .tm_clone_table
                0x1fffe2ac        0x0 c:/freescale/kds_1.1.0/toolchain/bin/../lib/gcc/arm-none-eabi/4.8.0/crtend.o

.igot.plt       0x1fffe2ac        0x0 load address 0x0000298c
 .igot.plt      0x00000000        0x0 c:/freescale/kds_1.1.0/toolchain/bin/../lib/gcc/arm-none-eabi/4.8.0/crtbegin.o
                0x1fffe2ac                . = ALIGN (0x4)

.bss            0x1fffe2ac     0x2930 load address 0x0000298c
                0x1fffe2ac                __START_BSS = .
                0x1fffe2ac                PROVIDE (__bss_start__, __START_BSS)
 *(.bss)
 *(.bss*)
 .bss.completed.6137
                0x1fffe2ac        0x1 c:/freescale/kds_1.1.0/toolchain/bin/../lib/gcc/arm-none-eabi/4.8.0/crtbegin.o
 *fill*         0x1fffe2ad        0x3 
 .bss.object.6142
                0x1fffe2b0       0x18 c:/freescale/kds_1.1.0/toolchain/bin/../lib/gcc/arm-none-eabi/4.8.0/crtbegin.o
 .bss.main_counter
                0x1fffe2c8        0x4 ./Sources/freeRTOS_tasks.o
                0x1fffe2c8                main_counter
 .bss.argv      0x1fffe2cc       0x28 ./Project_Settings/Startup_Code/startup.o
 .bss.DeviceDataPrv__DEFAULT_RTOS_ALLOC
                0x1fffe2f4        0x4 ./Generated_Code/BitIoLdd1.o
 .bss.DeviceDataPrv__DEFAULT_RTOS_ALLOC
                0x1fffe2f8       0x18 ./Generated_Code/IO1.o
 .bss.PE_LDD_DeviceDataList
                0x1fffe310        0xc ./Generated_Code/PE_LDD.o
                0x1fffe310                PE_LDD_DeviceDataList
 .bss.DeviceDataPrv__DEFAULT_RTOS_ALLOC
                0x1fffe31c        0x4 ./Generated_Code/SegLCD1.o
 .bss.ucHeap    0x1fffe320     0x2710 ./Generated_Code/heap_2.o
 .bss.xStart    0x20000a30        0x8 ./Generated_Code/heap_2.o
 .bss.xEnd      0x20000a38        0x8 ./Generated_Code/heap_2.o
 .bss.xHeapHasBeenInitialised.7202
                0x20000a40        0x4 ./Generated_Code/heap_2.o
 .bss.xJumpBuf  0x20000a44       0x5c ./Generated_Code/port.o
 .bss.pxCurrentTCB
                0x20000aa0        0x4 ./Generated_Code/tasks.o
                0x20000aa0                pxCurrentTCB
 .bss.pxReadyTasksLists
                0x20000aa4       0x78 ./Generated_Code/tasks.o
 .bss.xDelayedTaskList1
                0x20000b1c       0x14 ./Generated_Code/tasks.o
 .bss.xDelayedTaskList2
                0x20000b30       0x14 ./Generated_Code/tasks.o
 .bss.pxDelayedTaskList
                0x20000b44        0x4 ./Generated_Code/tasks.o
 .bss.pxOverflowDelayedTaskList
                0x20000b48        0x4 ./Generated_Code/tasks.o
 .bss.xPendingReadyList
                0x20000b4c       0x14 ./Generated_Code/tasks.o
 .bss.xSuspendedTaskList
                0x20000b60       0x14 ./Generated_Code/tasks.o
 .bss.uxCurrentNumberOfTasks
                0x20000b74        0x4 ./Generated_Code/tasks.o
 .bss.xTickCount
                0x20000b78        0x4 ./Generated_Code/tasks.o
 .bss.uxTopReadyPriority
                0x20000b7c        0x4 ./Generated_Code/tasks.o
 .bss.xSchedulerRunning
                0x20000b80        0x4 ./Generated_Code/tasks.o
 .bss.uxPendedTicks
                0x20000b84        0x4 ./Generated_Code/tasks.o
 .bss.xYieldPending
                0x20000b88        0x4 ./Generated_Code/tasks.o
 .bss.xNumOfOverflows
                0x20000b8c        0x4 ./Generated_Code/tasks.o
 .bss.uxTaskNumber
                0x20000b90        0x4 ./Generated_Code/tasks.o
 .bss.uxSchedulerSuspended
                0x20000b94        0x4 ./Generated_Code/tasks.o
 .bss.heap_end.5175
                0x20000b98        0x4 c:/freescale/kds_1.1.0/toolchain/bin/../lib/gcc/arm-none-eabi/4.8.0/../../../../arm-none-eabi/lib\libg_s.a(lib_a-syscalls.o)
 .bss.__malloc_free_list
                0x20000b9c        0x4 c:/freescale/kds_1.1.0/toolchain/bin/../lib/gcc/arm-none-eabi/4.8.0/../../../../arm-none-eabi/lib\libg_s.a(lib_a-mallocr.o)
                0x20000b9c                __malloc_free_list
 *(COMMON)
 COMMON         0x20000ba0       0x24 ./Sources/LCD/LCD.o
                0x20000ba0                bLCD_CharPosition
                0x20000ba1                lcd_alternate_mode
                0x20000ba4                lcdBuffer
 COMMON         0x20000bc4       0x14 ./Sources/freeRTOS_tasks.o
                0x20000bc4                sLCDBuffer
                0x20000bd4                MySegLCDPtr
 COMMON         0x20000bd8        0x4 c:/freescale/kds_1.1.0/toolchain/bin/../lib/gcc/arm-none-eabi/4.8.0/../../../../arm-none-eabi/lib\libg_s.a(lib_a-reent.o)
                0x20000bd8                errno
                0x20000bdc                . = ALIGN (0x4)
                0x20000bdc                __END_BSS = .
                0x20000bdc                PROVIDE (__bss_end__, __END_BSS)
                0x0000298c                _romp_at = (___ROM_AT + SIZEOF (.data))

.romp           0x20000bdc       0x18 load address 0x0000298c
                0x0000298c                __S_romp = _romp_at
                0x20000bdc        0x4 LONG 0x26e0 ___ROM_AT
                0x20000be0        0x4 LONG 0x1fffe000 _sdata
                0x20000be4        0x4 LONG 0x2ac ___data_size
                0x20000be8        0x4 LONG 0x0
                0x20000bec        0x4 LONG 0x0
                0x20000bf0        0x4 LONG 0x0

._user_heap_stack
                0x20000bf4      0x400 load address 0x000029a4
                0x20000bf4                . = ALIGN (0x4)
                0x20000bf4                PROVIDE (end, .)
                0x20000bf4                PROVIDE (_end, .)
                0x20000bf4                __heap_addr = .
                0x20000bf4                __HeapBase = .
                0x20000bf4                . = (. + __heap_size)
                0x20000bf4                __HeapLimit = .
                0x20000ff4                . = (. + __stack_size)
 *fill*         0x20000bf4      0x400 
                0x20000ff4                . = ALIGN (0x4)

.ARM.attributes
                0x00000000       0x2d
 *(.ARM.attributes)
 .ARM.attributes
                0x00000000       0x23 c:/freescale/kds_1.1.0/toolchain/bin/../lib/gcc/arm-none-eabi/4.8.0/crti.o
 .ARM.attributes
                0x00000023       0x31 c:/freescale/kds_1.1.0/toolchain/bin/../lib/gcc/arm-none-eabi/4.8.0/crtbegin.o
 .ARM.attributes
                0x00000054       0x32 ./Sources/LCD/LCD.o
 .ARM.attributes
                0x00000086       0x32 ./Sources/LCD/s401.o
 .ARM.attributes
                0x000000b8       0x32 ./Sources/Events.o
 .ARM.attributes
                0x000000ea       0x32 ./Sources/freeRTOS_tasks.o
 .ARM.attributes
                0x0000011c       0x32 ./Sources/main.o
 .ARM.attributes
                0x0000014e       0x32 ./Project_Settings/Startup_Code/startup.o
 .ARM.attributes
                0x00000180       0x32 ./Generated_Code/BitIoLdd1.o
 .ARM.attributes
                0x000001b2       0x32 ./Generated_Code/Cpu.o
 .ARM.attributes
                0x000001e4       0x32 ./Generated_Code/IO1.o
 .ARM.attributes
                0x00000216       0x32 ./Generated_Code/PE_LDD.o
 .ARM.attributes
                0x00000248       0x32 ./Generated_Code/SegLCD1.o
 .ARM.attributes
                0x0000027a       0x32 ./Generated_Code/Vectors.o
 .ARM.attributes
                0x000002ac       0x32 ./Generated_Code/heap_2.o
 .ARM.attributes
                0x000002de       0x32 ./Generated_Code/list.o
 .ARM.attributes
                0x00000310       0x32 ./Generated_Code/port.o
 .ARM.attributes
                0x00000342       0x32 ./Generated_Code/tasks.o
 .ARM.attributes
                0x00000374       0x23 c:/freescale/kds_1.1.0/toolchain/bin/../lib/gcc/arm-none-eabi/4.8.0\libgcc.a(_udivsi3.o)
 .ARM.attributes
                0x00000397       0x23 c:/freescale/kds_1.1.0/toolchain/bin/../lib/gcc/arm-none-eabi/4.8.0\libgcc.a(_dvmd_tls.o)
 .ARM.attributes
                0x000003ba       0x31 c:/freescale/kds_1.1.0/toolchain/bin/../lib/gcc/arm-none-eabi/4.8.0/../../../../arm-none-eabi/lib\libg_s.a(lib_a-impure.o)
 .ARM.attributes
                0x000003eb       0x31 c:/freescale/kds_1.1.0/toolchain/bin/../lib/gcc/arm-none-eabi/4.8.0/../../../../arm-none-eabi/lib\libg_s.a(lib_a-memcpy.o)
 .ARM.attributes
                0x0000041c       0x31 c:/freescale/kds_1.1.0/toolchain/bin/../lib/gcc/arm-none-eabi/4.8.0/../../../../arm-none-eabi/lib\libg_s.a(lib_a-memset.o)
 .ARM.attributes
                0x0000044d       0x21 c:/freescale/kds_1.1.0/toolchain/bin/../lib/gcc/arm-none-eabi/4.8.0/../../../../arm-none-eabi/lib\libg_s.a(lib_a-setjmp.o)
 .ARM.attributes
                0x0000046e       0x31 c:/freescale/kds_1.1.0/toolchain/bin/../lib/gcc/arm-none-eabi/4.8.0/../../../../arm-none-eabi/lib\libg_s.a(lib_a-sprintf.o)
 .ARM.attributes
                0x0000049f       0x31 c:/freescale/kds_1.1.0/toolchain/bin/../lib/gcc/arm-none-eabi/4.8.0/../../../../arm-none-eabi/lib\libg_s.a(lib_a-strlen.o)
 .ARM.attributes
                0x000004d0       0x31 c:/freescale/kds_1.1.0/toolchain/bin/../lib/gcc/arm-none-eabi/4.8.0/../../../../arm-none-eabi/lib\libg_s.a(lib_a-svfprintf.o)
 .ARM.attributes
                0x00000501       0x31 c:/freescale/kds_1.1.0/toolchain/bin/../lib/gcc/arm-none-eabi/4.8.0/../../../../arm-none-eabi/lib\libg_s.a(lib_a-syscalls.o)
 .ARM.attributes
                0x00000532       0x31 c:/freescale/kds_1.1.0/toolchain/bin/../lib/gcc/arm-none-eabi/4.8.0/../../../../arm-none-eabi/lib\libg_s.a(lib_a-vfprintf_i.o)
 .ARM.attributes
                0x00000563       0x31 c:/freescale/kds_1.1.0/toolchain/bin/../lib/gcc/arm-none-eabi/4.8.0/../../../../arm-none-eabi/lib\libg_s.a(lib_a-errno.o)
 .ARM.attributes
                0x00000594       0x31 c:/freescale/kds_1.1.0/toolchain/bin/../lib/gcc/arm-none-eabi/4.8.0/../../../../arm-none-eabi/lib\libg_s.a(lib_a-freer.o)
 .ARM.attributes
                0x000005c5       0x31 c:/freescale/kds_1.1.0/toolchain/bin/../lib/gcc/arm-none-eabi/4.8.0/../../../../arm-none-eabi/lib\libg_s.a(lib_a-mallocr.o)
 .ARM.attributes
                0x000005f6       0x31 c:/freescale/kds_1.1.0/toolchain/bin/../lib/gcc/arm-none-eabi/4.8.0/../../../../arm-none-eabi/lib\libg_s.a(lib_a-memchr.o)
 .ARM.attributes
                0x00000627       0x31 c:/freescale/kds_1.1.0/toolchain/bin/../lib/gcc/arm-none-eabi/4.8.0/../../../../arm-none-eabi/lib\libg_s.a(lib_a-reallocr.o)
 .ARM.attributes
                0x00000658       0x31 c:/freescale/kds_1.1.0/toolchain/bin/../lib/gcc/arm-none-eabi/4.8.0/../../../../arm-none-eabi/lib\libg_s.a(lib_a-sbrkr.o)
 .ARM.attributes
                0x00000689       0x31 c:/freescale/kds_1.1.0/toolchain/bin/../lib/gcc/arm-none-eabi/4.8.0/../../../../arm-none-eabi/lib\libg_s.a(lib_a-msizer.o)
 .ARM.attributes
                0x000006ba       0x31 c:/freescale/kds_1.1.0/toolchain/bin/../lib/gcc/arm-none-eabi/4.8.0/../../../../arm-none-eabi/lib\libg_s.a(lib_a-reent.o)
 .ARM.attributes
                0x000006eb       0x31 c:/freescale/kds_1.1.0/toolchain/bin/../lib/gcc/arm-none-eabi/4.8.0/crtend.o
 .ARM.attributes
                0x0000071c       0x23 c:/freescale/kds_1.1.0/toolchain/bin/../lib/gcc/arm-none-eabi/4.8.0/crtn.o
OUTPUT(FreeRTOS_lcd.elf elf32-littlearm)

.comment        0x00000000       0x2a
 .comment       0x00000000       0x2a c:/freescale/kds_1.1.0/toolchain/bin/../lib/gcc/arm-none-eabi/4.8.0/crtbegin.o
                                 0x2b (size before relaxing)
 .comment       0x00000000       0x2b ./Sources/LCD/LCD.o
 .comment       0x00000000       0x2b ./Sources/LCD/s401.o
 .comment       0x00000000       0x2b ./Sources/Events.o
 .comment       0x00000000       0x2b ./Sources/freeRTOS_tasks.o
 .comment       0x00000000       0x2b ./Sources/main.o
 .comment       0x00000000       0x2b ./Project_Settings/Startup_Code/startup.o
 .comment       0x00000000       0x2b ./Generated_Code/BitIoLdd1.o
 .comment       0x00000000       0x2b ./Generated_Code/Cpu.o
 .comment       0x00000000       0x2b ./Generated_Code/IO1.o
 .comment       0x00000000       0x2b ./Generated_Code/PE_LDD.o
 .comment       0x00000000       0x2b ./Generated_Code/SegLCD1.o
 .comment       0x00000000       0x2b ./Generated_Code/Vectors.o
 .comment       0x00000000       0x2b ./Generated_Code/heap_2.o
 .comment       0x00000000       0x2b ./Generated_Code/list.o
 .comment       0x00000000       0x2b ./Generated_Code/port.o
 .comment       0x00000000       0x2b ./Generated_Code/tasks.o
 .comment       0x00000000       0x2b c:/freescale/kds_1.1.0/toolchain/bin/../lib/gcc/arm-none-eabi/4.8.0/../../../../arm-none-eabi/lib\libg_s.a(lib_a-impure.o)
 .comment       0x00000000       0x2b c:/freescale/kds_1.1.0/toolchain/bin/../lib/gcc/arm-none-eabi/4.8.0/../../../../arm-none-eabi/lib\libg_s.a(lib_a-memcpy.o)
 .comment       0x00000000       0x2b c:/freescale/kds_1.1.0/toolchain/bin/../lib/gcc/arm-none-eabi/4.8.0/../../../../arm-none-eabi/lib\libg_s.a(lib_a-memset.o)
 .comment       0x00000000       0x2b c:/freescale/kds_1.1.0/toolchain/bin/../lib/gcc/arm-none-eabi/4.8.0/../../../../arm-none-eabi/lib\libg_s.a(lib_a-sprintf.o)
 .comment       0x00000000       0x2b c:/freescale/kds_1.1.0/toolchain/bin/../lib/gcc/arm-none-eabi/4.8.0/../../../../arm-none-eabi/lib\libg_s.a(lib_a-strlen.o)
 .comment       0x00000000       0x2b c:/freescale/kds_1.1.0/toolchain/bin/../lib/gcc/arm-none-eabi/4.8.0/../../../../arm-none-eabi/lib\libg_s.a(lib_a-svfprintf.o)
 .comment       0x00000000       0x2b c:/freescale/kds_1.1.0/toolchain/bin/../lib/gcc/arm-none-eabi/4.8.0/../../../../arm-none-eabi/lib\libg_s.a(lib_a-syscalls.o)
 .comment       0x00000000       0x2b c:/freescale/kds_1.1.0/toolchain/bin/../lib/gcc/arm-none-eabi/4.8.0/../../../../arm-none-eabi/lib\libg_s.a(lib_a-vfprintf_i.o)
 .comment       0x00000000       0x2b c:/freescale/kds_1.1.0/toolchain/bin/../lib/gcc/arm-none-eabi/4.8.0/../../../../arm-none-eabi/lib\libg_s.a(lib_a-errno.o)
 .comment       0x00000000       0x2b c:/freescale/kds_1.1.0/toolchain/bin/../lib/gcc/arm-none-eabi/4.8.0/../../../../arm-none-eabi/lib\libg_s.a(lib_a-freer.o)
 .comment       0x00000000       0x2b c:/freescale/kds_1.1.0/toolchain/bin/../lib/gcc/arm-none-eabi/4.8.0/../../../../arm-none-eabi/lib\libg_s.a(lib_a-mallocr.o)
 .comment       0x00000000       0x2b c:/freescale/kds_1.1.0/toolchain/bin/../lib/gcc/arm-none-eabi/4.8.0/../../../../arm-none-eabi/lib\libg_s.a(lib_a-memchr.o)
 .comment       0x00000000       0x2b c:/freescale/kds_1.1.0/toolchain/bin/../lib/gcc/arm-none-eabi/4.8.0/../../../../arm-none-eabi/lib\libg_s.a(lib_a-reallocr.o)
 .comment       0x00000000       0x2b c:/freescale/kds_1.1.0/toolchain/bin/../lib/gcc/arm-none-eabi/4.8.0/../../../../arm-none-eabi/lib\libg_s.a(lib_a-sbrkr.o)
 .comment       0x00000000       0x2b c:/freescale/kds_1.1.0/toolchain/bin/../lib/gcc/arm-none-eabi/4.8.0/../../../../arm-none-eabi/lib\libg_s.a(lib_a-msizer.o)
 .comment       0x00000000       0x2b c:/freescale/kds_1.1.0/toolchain/bin/../lib/gcc/arm-none-eabi/4.8.0/../../../../arm-none-eabi/lib\libg_s.a(lib_a-reent.o)
 .comment       0x00000000       0x2b c:/freescale/kds_1.1.0/toolchain/bin/../lib/gcc/arm-none-eabi/4.8.0/crtend.o

.debug_info     0x00000000     0x40d5
 .debug_info    0x00000000      0x9b9 ./Sources/LCD/LCD.o
 .debug_info    0x000009b9       0xd4 ./Sources/LCD/s401.o
 .debug_info    0x00000a8d      0x178 ./Sources/Events.o
 .debug_info    0x00000c05      0x172 ./Sources/freeRTOS_tasks.o
 .debug_info    0x00000d77       0xb2 ./Sources/main.o
 .debug_info    0x00000e29      0x308 ./Project_Settings/Startup_Code/startup.o
 .debug_info    0x00001131      0x390 ./Generated_Code/BitIoLdd1.o
 .debug_info    0x000014c1      0x826 ./Generated_Code/Cpu.o
 .debug_info    0x00001ce7      0x546 ./Generated_Code/IO1.o
 .debug_info    0x0000222d      0x23b ./Generated_Code/PE_LDD.o
 .debug_info    0x00002468      0x510 ./Generated_Code/SegLCD1.o
 .debug_info    0x00002978      0x103 ./Generated_Code/Vectors.o
 .debug_info    0x00002a7b      0x2c6 ./Generated_Code/heap_2.o
 .debug_info    0x00002d41      0x29d ./Generated_Code/list.o
 .debug_info    0x00002fde      0x26a ./Generated_Code/port.o
 .debug_info    0x00003248      0xe8d ./Generated_Code/tasks.o

.debug_abbrev   0x00000000     0x1300
 .debug_abbrev  0x00000000      0x25d ./Sources/LCD/LCD.o
 .debug_abbrev  0x0000025d       0x60 ./Sources/LCD/s401.o
 .debug_abbrev  0x000002bd       0xcf ./Sources/Events.o
 .debug_abbrev  0x0000038c       0xc6 ./Sources/freeRTOS_tasks.o
 .debug_abbrev  0x00000452       0x5b ./Sources/main.o
 .debug_abbrev  0x000004ad      0x148 ./Project_Settings/Startup_Code/startup.o
 .debug_abbrev  0x000005f5      0x15f ./Generated_Code/BitIoLdd1.o
 .debug_abbrev  0x00000754      0x160 ./Generated_Code/Cpu.o
 .debug_abbrev  0x000008b4      0x184 ./Generated_Code/IO1.o
 .debug_abbrev  0x00000a38      0x10d ./Generated_Code/PE_LDD.o
 .debug_abbrev  0x00000b45      0x1a5 ./Generated_Code/SegLCD1.o
 .debug_abbrev  0x00000cea       0xa4 ./Generated_Code/Vectors.o
 .debug_abbrev  0x00000d8e      0x155 ./Generated_Code/heap_2.o
 .debug_abbrev  0x00000ee3       0xc1 ./Generated_Code/list.o
 .debug_abbrev  0x00000fa4      0x122 ./Generated_Code/port.o
 .debug_abbrev  0x000010c6      0x23a ./Generated_Code/tasks.o

.debug_aranges  0x00000000      0x540
 .debug_aranges
                0x00000000       0xb0 ./Sources/LCD/LCD.o
 .debug_aranges
                0x000000b0       0x18 ./Sources/LCD/s401.o
 .debug_aranges
                0x000000c8       0x48 ./Sources/Events.o
 .debug_aranges
                0x00000110       0x28 ./Sources/freeRTOS_tasks.o
 .debug_aranges
                0x00000138       0x20 ./Sources/main.o
 .debug_aranges
                0x00000158       0x60 ./Project_Settings/Startup_Code/startup.o
 .debug_aranges
                0x000001b8       0x48 ./Generated_Code/BitIoLdd1.o
 .debug_aranges
                0x00000200       0x38 ./Generated_Code/Cpu.o
 .debug_aranges
                0x00000238       0x38 ./Generated_Code/IO1.o
 .debug_aranges
                0x00000270       0x30 ./Generated_Code/PE_LDD.o
 .debug_aranges
                0x000002a0       0x28 ./Generated_Code/SegLCD1.o
 .debug_aranges
                0x000002c8       0x18 ./Generated_Code/Vectors.o
 .debug_aranges
                0x000002e0       0x40 ./Generated_Code/heap_2.o
 .debug_aranges
                0x00000320       0x40 ./Generated_Code/list.o
 .debug_aranges
                0x00000360       0x90 ./Generated_Code/port.o
 .debug_aranges
                0x000003f0      0x150 ./Generated_Code/tasks.o

.debug_ranges   0x00000000      0x430
 .debug_ranges  0x00000000       0xa0 ./Sources/LCD/LCD.o
 .debug_ranges  0x000000a0       0x38 ./Sources/Events.o
 .debug_ranges  0x000000d8       0x18 ./Sources/freeRTOS_tasks.o
 .debug_ranges  0x000000f0       0x10 ./Sources/main.o
 .debug_ranges  0x00000100       0x50 ./Project_Settings/Startup_Code/startup.o
 .debug_ranges  0x00000150       0x38 ./Generated_Code/BitIoLdd1.o
 .debug_ranges  0x00000188       0x28 ./Generated_Code/Cpu.o
 .debug_ranges  0x000001b0       0x28 ./Generated_Code/IO1.o
 .debug_ranges  0x000001d8       0x20 ./Generated_Code/PE_LDD.o
 .debug_ranges  0x000001f8       0x18 ./Generated_Code/SegLCD1.o
 .debug_ranges  0x00000210       0x30 ./Generated_Code/heap_2.o
 .debug_ranges  0x00000240       0x30 ./Generated_Code/list.o
 .debug_ranges  0x00000270       0x80 ./Generated_Code/port.o
 .debug_ranges  0x000002f0      0x140 ./Generated_Code/tasks.o

.debug_macro    0x00000000    0x106e8
 .debug_macro   0x00000000       0x94 ./Sources/LCD/LCD.o
 .debug_macro   0x00000094      0x802 ./Sources/LCD/LCD.o
 .debug_macro   0x00000896      0x214 ./Sources/LCD/LCD.o
 .debug_macro   0x00000aaa     0x1599 ./Sources/LCD/LCD.o
 .debug_macro   0x00002043      0x14e ./Sources/LCD/LCD.o
 .debug_macro   0x00002191       0x64 ./Sources/LCD/LCD.o
 .debug_macro   0x000021f5     0x882c ./Sources/LCD/LCD.o
 .debug_macro   0x0000aa21       0x9a ./Sources/LCD/LCD.o
 .debug_macro   0x0000aabb      0x130 ./Sources/LCD/LCD.o
 .debug_macro   0x0000abeb      0x2e3 ./Sources/LCD/LCD.o
 .debug_macro   0x0000aece       0x22 ./Sources/LCD/LCD.o
 .debug_macro   0x0000aef0       0x7e ./Sources/LCD/s401.o
 .debug_macro   0x0000af6e       0x10 ./Sources/LCD/s401.o
 .debug_macro   0x0000af7e      0x124 ./Sources/LCD/s401.o
 .debug_macro   0x0000b0a2      0x294 ./Sources/Events.o
 .debug_macro   0x0000b336       0x2e ./Sources/Events.o
 .debug_macro   0x0000b364       0x2e ./Sources/Events.o
 .debug_macro   0x0000b392       0x95 ./Sources/Events.o
 .debug_macro   0x0000b427       0x3a ./Sources/Events.o
 .debug_macro   0x0000b461       0x52 ./Sources/Events.o
 .debug_macro   0x0000b4b3       0x19 ./Sources/Events.o
 .debug_macro   0x0000b4cc      0x16d ./Sources/Events.o
 .debug_macro   0x0000b639       0x89 ./Sources/Events.o
 .debug_macro   0x0000b6c2       0xef ./Sources/Events.o
 .debug_macro   0x0000b7b1       0x19 ./Sources/Events.o
 .debug_macro   0x0000b7ca      0x242 ./Sources/Events.o
 .debug_macro   0x0000ba0c       0x40 ./Sources/Events.o
 .debug_macro   0x0000ba4c       0xce ./Sources/Events.o
 .debug_macro   0x0000bb1a       0x12 ./Sources/Events.o
 .debug_macro   0x0000bb2c       0x1f ./Sources/Events.o
 .debug_macro   0x0000bb4b       0x79 ./Sources/Events.o
 .debug_macro   0x0000bbc4       0x69 ./Sources/Events.o
 .debug_macro   0x0000bc2d      0x2ff ./Sources/Events.o
 .debug_macro   0x0000bf2c       0xb0 ./Sources/Events.o
 .debug_macro   0x0000bfdc       0x7e ./Sources/Events.o
 .debug_macro   0x0000c05a       0x97 ./Sources/Events.o
 .debug_macro   0x0000c0f1       0x19 ./Sources/Events.o
 .debug_macro   0x0000c10a      0x1e7 ./Sources/Events.o
 .debug_macro   0x0000c2f1       0x94 ./Sources/Events.o
 .debug_macro   0x0000c385      0x12b ./Sources/Events.o
 .debug_macro   0x0000c4b0       0x46 ./Sources/Events.o
 .debug_macro   0x0000c4f6       0x27 ./Sources/Events.o
 .debug_macro   0x0000c51d       0x19 ./Sources/Events.o
 .debug_macro   0x0000c536       0x16 ./Sources/Events.o
 .debug_macro   0x0000c54c       0x35 ./Sources/Events.o
 .debug_macro   0x0000c581       0x10 ./Sources/Events.o
 .debug_macro   0x0000c591       0x10 ./Sources/Events.o
 .debug_macro   0x0000c5a1       0x22 ./Sources/Events.o
 .debug_macro   0x0000c5c3       0x91 ./Sources/Events.o
 .debug_macro   0x0000c654       0x16 ./Sources/Events.o
 .debug_macro   0x0000c66a      0x14a ./Sources/Events.o
 .debug_macro   0x0000c7b4       0x40 ./Sources/Events.o
 .debug_macro   0x0000c7f4      0x2b9 ./Sources/freeRTOS_tasks.o
 .debug_macro   0x0000caad      0x2b9 ./Sources/main.o
 .debug_macro   0x0000cd66       0xee ./Project_Settings/Startup_Code/startup.o
 .debug_macro   0x0000ce54       0x10 ./Project_Settings/Startup_Code/startup.o
 .debug_macro   0x0000ce64       0x89 ./Project_Settings/Startup_Code/startup.o
 .debug_macro   0x0000ceed       0x1c ./Project_Settings/Startup_Code/startup.o
 .debug_macro   0x0000cf09       0xf3 ./Generated_Code/BitIoLdd1.o
 .debug_macro   0x0000cffc      0x166 ./Generated_Code/BitIoLdd1.o
 .debug_macro   0x0000d162     0x1593 ./Generated_Code/BitIoLdd1.o
 .debug_macro   0x0000e6f5       0xa0 ./Generated_Code/BitIoLdd1.o
 .debug_macro   0x0000e795      0x2a0 ./Generated_Code/Cpu.o
 .debug_macro   0x0000ea35       0x43 ./Generated_Code/Cpu.o
 .debug_macro   0x0000ea78      0x108 ./Generated_Code/IO1.o
 .debug_macro   0x0000eb80       0x3a ./Generated_Code/IO1.o
 .debug_macro   0x0000ebba      0x85a ./Generated_Code/IO1.o
 .debug_macro   0x0000f414      0x272 ./Generated_Code/PE_LDD.o
 .debug_macro   0x0000f686      0x10a ./Generated_Code/SegLCD1.o
 .debug_macro   0x0000f790       0x12 ./Generated_Code/SegLCD1.o
 .debug_macro   0x0000f7a2      0x20e ./Generated_Code/SegLCD1.o
 .debug_macro   0x0000f9b0      0x2a4 ./Generated_Code/Vectors.o
 .debug_macro   0x0000fc54      0x2dd ./Generated_Code/heap_2.o
 .debug_macro   0x0000ff31       0x10 ./Generated_Code/heap_2.o
 .debug_macro   0x0000ff41       0x12 ./Generated_Code/heap_2.o
 .debug_macro   0x0000ff53      0x14c ./Generated_Code/list.o
 .debug_macro   0x0001009f      0x214 ./Generated_Code/port.o
 .debug_macro   0x000102b3       0xc8 ./Generated_Code/port.o
 .debug_macro   0x0001037b       0x18 ./Generated_Code/port.o
 .debug_macro   0x00010393      0x33f ./Generated_Code/tasks.o
 .debug_macro   0x000106d2       0x16 ./Generated_Code/tasks.o

.debug_line     0x00000000     0x4b0e
 .debug_line    0x00000000      0x44e ./Sources/LCD/LCD.o
 .debug_line    0x0000044e      0x1e6 ./Sources/LCD/s401.o
 .debug_line    0x00000634      0x509 ./Sources/Events.o
 .debug_line    0x00000b3d      0x56b ./Sources/freeRTOS_tasks.o
 .debug_line    0x000010a8      0x53d ./Sources/main.o
 .debug_line    0x000015e5      0x322 ./Project_Settings/Startup_Code/startup.o
 .debug_line    0x00001907      0x2f1 ./Generated_Code/BitIoLdd1.o
 .debug_line    0x00001bf8      0x606 ./Generated_Code/Cpu.o
 .debug_line    0x000021fe      0x2ed ./Generated_Code/IO1.o
 .debug_line    0x000024eb      0x48b ./Generated_Code/PE_LDD.o
 .debug_line    0x00002976      0x2cd ./Generated_Code/SegLCD1.o
 .debug_line    0x00002c43      0x579 ./Generated_Code/Vectors.o
 .debug_line    0x000031bc      0x5f1 ./Generated_Code/heap_2.o
 .debug_line    0x000037ad      0x2ee ./Generated_Code/list.o
 .debug_line    0x00003a9b      0x413 ./Generated_Code/port.o
 .debug_line    0x00003eae      0xc60 ./Generated_Code/tasks.o

.debug_str      0x00000000    0x5114e
 .debug_str     0x00000000    0x35104 ./Sources/LCD/LCD.o
                              0x354f4 (size before relaxing)
 .debug_str     0x00035104       0x16 ./Sources/LCD/s401.o
                              0x35075 (size before relaxing)
 .debug_str     0x0003511a     0x9655 ./Sources/Events.o
                              0x3dd3a (size before relaxing)
 .debug_str     0x0003e76f       0xb0 ./Sources/freeRTOS_tasks.o
                              0x3e76d (size before relaxing)
 .debug_str     0x0003e81f       0x23 ./Sources/main.o
                              0x3e6e6 (size before relaxing)
 .debug_str     0x0003e842      0x207 ./Project_Settings/Startup_Code/startup.o
                               0x3ffc (size before relaxing)
 .debug_str     0x0003ea49      0x192 ./Generated_Code/BitIoLdd1.o
                              0x38697 (size before relaxing)
 .debug_str     0x0003ebdb      0x1b5 ./Generated_Code/Cpu.o
                              0x3def6 (size before relaxing)
 .debug_str     0x0003ed90     0xd41d ./Generated_Code/IO1.o
                              0x451c5 (size before relaxing)
 .debug_str     0x0004c1ad      0x17e ./Generated_Code/PE_LDD.o
                              0x3ddaa (size before relaxing)
 .debug_str     0x0004c32b     0x328c ./Generated_Code/SegLCD1.o
                              0x3b00c (size before relaxing)
 .debug_str     0x0004f5b7       0x1c ./Generated_Code/Vectors.o
                              0x3dc52 (size before relaxing)
 .debug_str     0x0004f5d3      0x39e ./Generated_Code/heap_2.o
                              0x3e039 (size before relaxing)
 .debug_str     0x0004f971      0x124 ./Generated_Code/list.o
                               0xda95 (size before relaxing)
 .debug_str     0x0004fa95      0x9cd ./Generated_Code/port.o
                              0x38339 (size before relaxing)
 .debug_str     0x00050462      0xcec ./Generated_Code/tasks.o
                              0x3eb1a (size before relaxing)

.debug_frame    0x00000000      0xf34
 .debug_frame   0x00000000      0x25c ./Sources/LCD/LCD.o
 .debug_frame   0x0000025c       0xc0 ./Sources/Events.o
 .debug_frame   0x0000031c       0x50 ./Sources/freeRTOS_tasks.o
 .debug_frame   0x0000036c       0x30 ./Sources/main.o
 .debug_frame   0x0000039c      0x120 ./Project_Settings/Startup_Code/startup.o
 .debug_frame   0x000004bc       0xd0 ./Generated_Code/BitIoLdd1.o
 .debug_frame   0x0000058c       0x80 ./Generated_Code/Cpu.o
 .debug_frame   0x0000060c       0x90 ./Generated_Code/IO1.o
 .debug_frame   0x0000069c       0x6c ./Generated_Code/PE_LDD.o
 .debug_frame   0x00000708       0x54 ./Generated_Code/SegLCD1.o
 .debug_frame   0x0000075c       0xa8 ./Generated_Code/heap_2.o
 .debug_frame   0x00000804       0xb0 ./Generated_Code/list.o
 .debug_frame   0x000008b4      0x1a4 ./Generated_Code/port.o
 .debug_frame   0x00000a58      0x4dc ./Generated_Code/tasks.o
