Archive member included because of file (symbol)

c:/freescale/kds_1.1.0/toolchain/bin/../lib/gcc/arm-none-eabi/4.8.0\libgcc.a(_udivsi3.o)
                              ./Generated_Code/UTIL1.o (__aeabi_uidiv)
c:/freescale/kds_1.1.0/toolchain/bin/../lib/gcc/arm-none-eabi/4.8.0\libgcc.a(_divsi3.o)
                              ./Generated_Code/UTIL1.o (__aeabi_idiv)
c:/freescale/kds_1.1.0/toolchain/bin/../lib/gcc/arm-none-eabi/4.8.0\libgcc.a(_dvmd_tls.o)
                              c:/freescale/kds_1.1.0/toolchain/bin/../lib/gcc/arm-none-eabi/4.8.0\libgcc.a(_udivsi3.o) (__aeabi_idiv0)
c:/freescale/kds_1.1.0/toolchain/bin/../lib/gcc/arm-none-eabi/4.8.0/../../../../arm-none-eabi/lib\libg_s.a(lib_a-atexit.o)
                              c:/freescale/kds_1.1.0/toolchain/bin/../lib/gcc/arm-none-eabi/4.8.0/../../../../arm-none-eabi/lib/crt0.o (atexit)
c:/freescale/kds_1.1.0/toolchain/bin/../lib/gcc/arm-none-eabi/4.8.0/../../../../arm-none-eabi/lib\libg_s.a(lib_a-exit.o)
                              c:/freescale/kds_1.1.0/toolchain/bin/../lib/gcc/arm-none-eabi/4.8.0/../../../../arm-none-eabi/lib/crt0.o (exit)
c:/freescale/kds_1.1.0/toolchain/bin/../lib/gcc/arm-none-eabi/4.8.0/../../../../arm-none-eabi/lib\libg_s.a(lib_a-fini.o)
                              c:/freescale/kds_1.1.0/toolchain/bin/../lib/gcc/arm-none-eabi/4.8.0/../../../../arm-none-eabi/lib\libg_s.a(lib_a-exit.o) (__libc_fini_array)
c:/freescale/kds_1.1.0/toolchain/bin/../lib/gcc/arm-none-eabi/4.8.0/../../../../arm-none-eabi/lib\libg_s.a(lib_a-impure.o)
                              c:/freescale/kds_1.1.0/toolchain/bin/../lib/gcc/arm-none-eabi/4.8.0/../../../../arm-none-eabi/lib\libg_s.a(lib_a-exit.o) (_global_impure_ptr)
c:/freescale/kds_1.1.0/toolchain/bin/../lib/gcc/arm-none-eabi/4.8.0/../../../../arm-none-eabi/lib\libg_s.a(lib_a-memcpy.o)
                              ./Generated_Code/queue.o (memcpy)
c:/freescale/kds_1.1.0/toolchain/bin/../lib/gcc/arm-none-eabi/4.8.0/../../../../arm-none-eabi/lib\libg_s.a(lib_a-memset.o)
                              c:/freescale/kds_1.1.0/toolchain/bin/../lib/gcc/arm-none-eabi/4.8.0/../../../../arm-none-eabi/lib/crt0.o (memset)
c:/freescale/kds_1.1.0/toolchain/bin/../lib/gcc/arm-none-eabi/4.8.0/../../../../arm-none-eabi/lib\libg_s.a(lib_a-setjmp.o)
                              ./Generated_Code/port.o (setjmp)
c:/freescale/kds_1.1.0/toolchain/bin/../lib/gcc/arm-none-eabi/4.8.0/../../../../arm-none-eabi/lib\libg_s.a(lib_a-strchr.o)
                              ./Generated_Code/UTIL1.o (strchr)
c:/freescale/kds_1.1.0/toolchain/bin/../lib/gcc/arm-none-eabi/4.8.0/../../../../arm-none-eabi/lib\libg_s.a(lib_a-strlen.o)
                              ./Generated_Code/UTIL1.o (strlen)
c:/freescale/kds_1.1.0/toolchain/bin/../lib/gcc/arm-none-eabi/4.8.0/../../../../arm-none-eabi/lib\libg_s.a(lib_a-strncmp.o)
                              ./Generated_Code/UTIL1.o (strncmp)
c:/freescale/kds_1.1.0/toolchain/bin/../lib/gcc/arm-none-eabi/4.8.0/../../../../arm-none-eabi/lib\libg_s.a(lib_a-syscalls.o)
                              c:/freescale/kds_1.1.0/toolchain/bin/../lib/gcc/arm-none-eabi/4.8.0/../../../../arm-none-eabi/lib\libg_s.a(lib_a-exit.o) (_exit)
c:/freescale/kds_1.1.0/toolchain/bin/../lib/gcc/arm-none-eabi/4.8.0/../../../../arm-none-eabi/lib\libg_s.a(lib_a-__atexit.o)
                              c:/freescale/kds_1.1.0/toolchain/bin/../lib/gcc/arm-none-eabi/4.8.0/../../../../arm-none-eabi/lib\libg_s.a(lib_a-atexit.o) (__do_register_exitproc)
c:/freescale/kds_1.1.0/toolchain/bin/../lib/gcc/arm-none-eabi/4.8.0/../../../../arm-none-eabi/lib\libg_s.a(lib_a-__call_atexit.o)
                              c:/freescale/kds_1.1.0/toolchain/bin/../lib/gcc/arm-none-eabi/4.8.0/../../../../arm-none-eabi/lib\libg_s.a(lib_a-__atexit.o) (__call_exitprocs)
c:/freescale/kds_1.1.0/toolchain/bin/../lib/gcc/arm-none-eabi/4.8.0/../../../../arm-none-eabi/lib\libg_s.a(lib_a-errno.o)
                              c:/freescale/kds_1.1.0/toolchain/bin/../lib/gcc/arm-none-eabi/4.8.0/../../../../arm-none-eabi/lib\libg_s.a(lib_a-syscalls.o) (__errno)
c:/freescale/kds_1.1.0/toolchain/bin/../lib/gcc/arm-none-eabi/4.8.0/../../../../arm-none-eabi/lib\libg_s.a(lib_a-malloc.o)
                              c:/freescale/kds_1.1.0/toolchain/bin/../lib/gcc/arm-none-eabi/4.8.0/../../../../arm-none-eabi/lib\libg_s.a(lib_a-__atexit.o) (malloc)
c:/freescale/kds_1.1.0/toolchain/bin/../lib/gcc/arm-none-eabi/4.8.0/../../../../arm-none-eabi/lib\libg_s.a(lib_a-mallocr.o)
                              c:/freescale/kds_1.1.0/toolchain/bin/../lib/gcc/arm-none-eabi/4.8.0/../../../../arm-none-eabi/lib\libg_s.a(lib_a-malloc.o) (_malloc_r)
c:/freescale/kds_1.1.0/toolchain/bin/../lib/gcc/arm-none-eabi/4.8.0/../../../../arm-none-eabi/lib\libg_s.a(lib_a-sbrkr.o)
                              c:/freescale/kds_1.1.0/toolchain/bin/../lib/gcc/arm-none-eabi/4.8.0/../../../../arm-none-eabi/lib\libg_s.a(lib_a-mallocr.o) (_sbrk_r)
[...]
Memory Configuration

Name             Origin             Length             Attributes
m_interrupts     0x00000000         0x000000c0         xr
m_text           0x00000410         0x0003fbf0         xr
m_data           0x1fffe000         0x00008000         rw
m_cfmprotrom     0x00000400         0x00000010         xr
*default*        0x00000000         0xffffffff

Linker script and memory map

LOAD c:/freescale/kds_1.1.0/toolchain/bin/../lib/gcc/arm-none-eabi/4.8.0/crti.o
LOAD c:/freescale/kds_1.1.0/toolchain/bin/../lib/gcc/arm-none-eabi/4.8.0/crtbegin.o
LOAD c:/freescale/kds_1.1.0/toolchain/bin/../lib/gcc/arm-none-eabi/4.8.0/../../../../arm-none-eabi/lib/crt0.o
LOAD ./Sources/Events.o
LOAD ./Sources/freeRTOS_tasks.o
LOAD ./Sources/main.o
LOAD ./Project_Settings/Startup_Code/startup.o
LOAD ./Generated_Code/BitIoLdd1.o
LOAD ./Generated_Code/Cpu.o
LOAD ./Generated_Code/FRTOS1.o
LOAD ./Generated_Code/LedPtd5.o
LOAD ./Generated_Code/PE_LDD.o
LOAD ./Generated_Code/UTIL1.o
LOAD ./Generated_Code/Vectors.o
LOAD ./Generated_Code/croutine.o
LOAD ./Generated_Code/event_groups.o
LOAD ./Generated_Code/heap_1.o
LOAD ./Generated_Code/heap_2.o
LOAD ./Generated_Code/heap_3.o
LOAD ./Generated_Code/heap_4.o
LOAD ./Generated_Code/list.o
LOAD ./Generated_Code/port.o
LOAD ./Generated_Code/queue.o
LOAD ./Generated_Code/tasks.o
LOAD ./Generated_Code/timers.o
LOAD c:/freescale/kds_1.1.0/toolchain/bin/../lib/gcc/arm-none-eabi/4.8.0/../../../../arm-none-eabi/lib\libstdc++.a
LOAD c:/freescale/kds_1.1.0/toolchain/bin/../lib/gcc/arm-none-eabi/4.8.0/../../../../arm-none-eabi/lib\libm.a
START GROUP
LOAD c:/freescale/kds_1.1.0/toolchain/bin/../lib/gcc/arm-none-eabi/4.8.0\libgcc.a
LOAD c:/freescale/kds_1.1.0/toolchain/bin/../lib/gcc/arm-none-eabi/4.8.0/../../../../arm-none-eabi/lib\libg_s.a
LOAD c:/freescale/kds_1.1.0/toolchain/bin/../lib/gcc/arm-none-eabi/4.8.0/../../../../arm-none-eabi/lib\libc_s.a
END GROUP
LOAD c:/freescale/kds_1.1.0/toolchain/bin/../lib/gcc/arm-none-eabi/4.8.0/crtend.o
LOAD c:/freescale/kds_1.1.0/toolchain/bin/../lib/gcc/arm-none-eabi/4.8.0/crtn.o
                0x20006000                _estack = 0x20006000
                0x20006000                __SP_INIT = _estack
                0x00000000                __heap_size = 0x0
                0x00000400                __stack_size = 0x400

.interrupts     0x00000000       0xc0
                0x00000000                __vector_table = .
                0x00000000                . = ALIGN (0x4)
 *(.vectortable)
 .vectortable   0x00000000       0xc0 ./Generated_Code/Vectors.o
                0x00000000                __vect_table
                0x000000c0                . = ALIGN (0x4)

.cfmprotect     0x00000400       0x10
                0x00000400                . = ALIGN (0x4)
 *(.cfmconfig)
 .cfmconfig     0x00000400       0x10 ./Generated_Code/Cpu.o
                0x00000400                _cfm
                0x00000410                . = ALIGN (0x4)

.text           0x00000410     0x149c
                0x00000410                . = ALIGN (0x4)
 *(.text)
 .text          0x00000410       0x34 c:/freescale/kds_1.1.0/toolchain/bin/../lib/gcc/arm-none-eabi/4.8.0/../../../../arm-none-eabi/lib\libg_s.a(lib_a-setjmp.o)
                0x00000410                setjmp
                0x00000428                longjmp
 *(.text*)
 .text.deregister_tm_clones
                0x00000444       0x24 c:/freescale/kds_1.1.0/toolchain/bin/../lib/gcc/arm-none-eabi/4.8.0/crtbegin.o
 .text.register_tm_clones
                0x00000468       0x28 c:/freescale/kds_1.1.0/toolchain/bin/../lib/gcc/arm-none-eabi/4.8.0/crtbegin.o
 .text.__do_global_dtors_aux
                0x00000490       0x30 c:/freescale/kds_1.1.0/toolchain/bin/../lib/gcc/arm-none-eabi/4.8.0/crtbegin.o
 .text.frame_dummy
                0x000004c0       0x3c c:/freescale/kds_1.1.0/toolchain/bin/../lib/gcc/arm-none-eabi/4.8.0/crtbegin.o
 .text.Cpu_OnNMIINT
                0x000004fc        0x8 ./Sources/Events.o
                0x000004fc                Cpu_OnNMIINT
 .text.FRTOS1_vApplicationStackOverflowHook
                0x00000504       0x10 ./Sources/Events.o
                0x00000504                FRTOS1_vApplicationStackOverflowHook
 .text.FRTOS1_vApplicationTickHook
                0x00000514        0x8 ./Sources/Events.o
                0x00000514                FRTOS1_vApplicationTickHook
 .text.FRTOS1_vApplicationIdleHook
                0x0000051c        0x8 ./Sources/Events.o
                0x0000051c                FRTOS1_vApplicationIdleHook
 .text.FRTOS1_vApplicationMallocFailedHook
                0x00000524        0x8 ./Sources/Events.o
                0x00000524                FRTOS1_vApplicationMallocFailedHook
 .text.LedBlink_task
                0x0000052c       0x24 ./Sources/freeRTOS_tasks.o
                0x0000052c                LedBlink_task
 .text.main     0x00000550       0x3c ./Sources/main.o
                0x00000550                main
 .text.__flush_cache
                0x0000058c       0x10 ./Project_Settings/Startup_Code/startup.o
                0x0000058c                __flush_cache
 .text.__copy_rom_section
                0x0000059c       0xd8 ./Project_Settings/Startup_Code/startup.o
                0x0000059c                __copy_rom_section
 .text.__copy_rom_sections_to_ram
                0x00000674       0xc0 ./Project_Settings/Startup_Code/startup.o
                0x00000674                __copy_rom_sections_to_ram
 .text.zero_fill_bss
                0x00000734       0xac ./Project_Settings/Startup_Code/startup.o
 .text.__init_registers
                0x000007e0        0x8 ./Project_Settings/Startup_Code/startup.o
                0x000007e0                __init_registers
 .text.__init_user
                0x000007e8        0x8 ./Project_Settings/Startup_Code/startup.o
                0x000007e8                __init_user
 .text.__thumb_startup
                0x000007f0       0x48 ./Project_Settings/Startup_Code/startup.o
                0x000007f0                __thumb_startup
 .text.BitIoLdd1_Init
                0x00000838       0x68 ./Generated_Code/BitIoLdd1.o
                0x00000838                BitIoLdd1_Init
 .text.BitIoLdd1_NegVal
                0x000008a0       0x1c ./Generated_Code/BitIoLdd1.o
                0x000008a0                BitIoLdd1_NegVal
 .text.Cpu_INT_NMIInterrupt
                0x000008bc        0xc ./Generated_Code/Cpu.o
                0x000008bc                Cpu_INT_NMIInterrupt
 .text.Cpu_Interrupt
                0x000008c8        0xc ./Generated_Code/Cpu.o
                0x000008c8                Cpu_Interrupt
 .text.__init_hardware
                0x000008d4      0x188 ./Generated_Code/Cpu.o
                0x000008d4                __init_hardware
 .text.PE_low_level_init
                0x00000a5c       0xd4 ./Generated_Code/Cpu.o
                0x00000a5c                PE_low_level_init
 .text.pvPortMalloc
                0x00000b30      0x124 ./Generated_Code/heap_2.o
                0x00000b30                pvPortMalloc
 .text.vPortFree
                0x00000c54       0x70 ./Generated_Code/heap_2.o
                0x00000c54                vPortFree
 .text.prvHeapInit
                0x00000cc4       0x4c ./Generated_Code/heap_2.o
 .text.vListInitialise
                0x00000d10       0x3c ./Generated_Code/list.o
                0x00000d10                vListInitialise
 .text.vListInitialiseItem
                0x00000d4c       0x14 ./Generated_Code/list.o
                0x00000d4c                vListInitialiseItem
 .text.vListInsertEnd
                0x00000d60       0x44 ./Generated_Code/list.o
                0x00000d60                vListInsertEnd
 .text.vListInsert
                0x00000da4       0x6c ./Generated_Code/list.o
                0x00000da4                vListInsert
 .text.uxListRemove
                0x00000e10       0x50 ./Generated_Code/list.o
                0x00000e10                uxListRemove
 .text.prvTaskExitError
                0x00000e60       0x18 ./Generated_Code/port.o
 .text.pxPortInitialiseStack
                0x00000e78       0x54 ./Generated_Code/port.o
                0x00000e78                pxPortInitialiseStack
 .text.vPortInitTickTimer
                0x00000ecc       0x3c ./Generated_Code/port.o
                0x00000ecc                vPortInitTickTimer
 .text.vPortStartTickTimer
                0x00000f08       0x14 ./Generated_Code/port.o
                0x00000f08                vPortStartTickTimer
 .text.vPortStopTickTimer
                0x00000f1c       0x14 ./Generated_Code/port.o
                0x00000f1c                vPortStopTickTimer
 .text.xPortStartScheduler
                0x00000f30       0x4c ./Generated_Code/port.o
                0x00000f30                xPortStartScheduler
 .text.vPortEnterCritical
                0x00000f7c       0x20 ./Generated_Code/port.o
                0x00000f7c                vPortEnterCritical
 .text.vPortExitCritical
                0x00000f9c       0x20 ./Generated_Code/port.o
                0x00000f9c                vPortExitCritical
 .text.vPortYieldFromISR
                0x00000fbc       0x1c ./Generated_Code/port.o
                0x00000fbc                vPortYieldFromISR
 .text.vPortTickHandler
                0x00000fd8       0x1c ./Generated_Code/port.o
                0x00000fd8                vPortTickHandler
 .text.vPortStartFirstTask
                0x00000ff4       0x1c ./Generated_Code/port.o
                0x00000ff4                vPortStartFirstTask
 .text.vPortSVCHandler
                0x00001010       0x28 ./Generated_Code/port.o
                0x00001010                vPortSVCHandler
 .text.vPortPendSVHandler
                0x00001038       0x44 ./Generated_Code/port.o
                0x00001038                vPortPendSVHandler
 .text.xTaskGenericCreate
                0x0000107c      0x16c ./Generated_Code/tasks.o
                0x0000107c                xTaskGenericCreate
 .text.vTaskDelay
                0x000011e8       0x64 ./Generated_Code/tasks.o
                0x000011e8                vTaskDelay
 .text.vTaskStartScheduler
                0x0000124c       0x64 ./Generated_Code/tasks.o
                0x0000124c                vTaskStartScheduler
 .text.vTaskSuspendAll
                0x000012b0       0x18 ./Generated_Code/tasks.o
                0x000012b0                vTaskSuspendAll
 .text.xTaskResumeAll
                0x000012c8      0x108 ./Generated_Code/tasks.o
                0x000012c8                xTaskResumeAll
 .text.xTaskIncrementTick
                0x000013d0      0x17c ./Generated_Code/tasks.o
                0x000013d0                xTaskIncrementTick
 .text.vTaskSwitchContext
                0x0000154c       0xc4 ./Generated_Code/tasks.o
                0x0000154c                vTaskSwitchContext
 .text.prvIdleTask
                0x00001610       0x24 ./Generated_Code/tasks.o
 .text.prvInitialiseTCBVariables
                0x00001634       0x90 ./Generated_Code/tasks.o
 .text.prvInitialiseTaskLists
                0x000016c4       0x7c ./Generated_Code/tasks.o
 .text.prvCheckTasksWaitingTermination
                0x00001740        0x8 ./Generated_Code/tasks.o
 .text.prvAddCurrentTaskToDelayedList
                0x00001748       0x6c ./Generated_Code/tasks.o
 .text.prvAllocateTCBAndStack
                0x000017b4       0x70 ./Generated_Code/tasks.o
 .text.prvResetNextTaskUnblockTime
                0x00001824       0x44 ./Generated_Code/tasks.o
 .text.memset   0x00001868       0x12 c:/freescale/kds_1.1.0/toolchain/bin/../lib/gcc/arm-none-eabi/4.8.0/../../../../arm-none-eabi/lib\libg_s.a(lib_a-memset.o)
                0x00001868                memset
 *(.rodata)
 *fill*         0x0000187a        0x2 
 .rodata        0x0000187c       0x10 ./Sources/main.o
 .rodata        0x0000188c        0x8 ./Generated_Code/tasks.o
 *(.rodata*)
 *(.glue_7)
 .glue_7        0x00000000        0x0 linker stubs
 *(.glue_7t)
 .glue_7t       0x00000000        0x0 linker stubs
 *(.eh_frame)
 .eh_frame      0x00001894        0x0 c:/freescale/kds_1.1.0/toolchain/bin/../lib/gcc/arm-none-eabi/4.8.0/crtbegin.o
 *(.init)
 .init          0x00001894        0x4 c:/freescale/kds_1.1.0/toolchain/bin/../lib/gcc/arm-none-eabi/4.8.0/crti.o
                0x00001894                _init
 .init          0x00001898        0x8 c:/freescale/kds_1.1.0/toolchain/bin/../lib/gcc/arm-none-eabi/4.8.0/crtn.o
 *(.fini)
 .fini          0x000018a0        0x4 c:/freescale/kds_1.1.0/toolchain/bin/../lib/gcc/arm-none-eabi/4.8.0/crti.o
                0x000018a0                _fini
 .fini          0x000018a4        0x8 c:/freescale/kds_1.1.0/toolchain/bin/../lib/gcc/arm-none-eabi/4.8.0/crtn.o
                0x000018ac                . = ALIGN (0x4)
                0x000018ac                _etext = .

.vfp11_veneer   0x000018ac        0x0
 .vfp11_veneer  0x00000000        0x0 linker stubs

.v4_bx          0x000018ac        0x0
 .v4_bx         0x00000000        0x0 linker stubs

.iplt           0x000018ac        0x0
 .iplt          0x00000000        0x0 c:/freescale/kds_1.1.0/toolchain/bin/../lib/gcc/arm-none-eabi/4.8.0/crtbegin.o

.rel.dyn        0x000018ac        0x0
 .rel.iplt      0x00000000        0x0 c:/freescale/kds_1.1.0/toolchain/bin/../lib/gcc/arm-none-eabi/4.8.0/crtbegin.o

.ARM.extab
 *(.ARM.extab* .gnu.linkonce.armextab.*)

.ARM            0x000018ac        0x0
                0x000018ac                __exidx_start = .
 *(.ARM.exidx*)
                0x000018ac                __exidx_end = .

.ctors          0x000018ac        0x0
                0x000018ac                __CTOR_LIST__ = .
 *crtbegin.o(.ctors)
 *(EXCLUDE_FILE(*crtend.o) .ctors)
 *(SORT(.ctors.*))
 *(.ctors)
                0x000018ac                __CTOR_END__ = .

.dtors          0x000018ac        0x0
                0x000018ac                __DTOR_LIST__ = .
 *crtbegin.o(.dtors)
 *(EXCLUDE_FILE(*crtend.o) .dtors)
 *(SORT(.dtors.*))
 *(.dtors)
                0x000018ac                __DTOR_END__ = .

.preinit_array  0x000018ac        0x0
                0x000018ac                PROVIDE (__preinit_array_start, .)
 *(.preinit_array*)
                0x000018ac                PROVIDE (__preinit_array_end, .)

.init_array     0x000018ac        0x4
                0x000018ac                PROVIDE (__init_array_start, .)
 *(SORT(.init_array.*))
 *(.init_array*)
 .init_array    0x000018ac        0x4 c:/freescale/kds_1.1.0/toolchain/bin/../lib/gcc/arm-none-eabi/4.8.0/crtbegin.o
                0x000018b0                PROVIDE (__init_array_end, .)

.fini_array     0x000018b0        0x4
                0x000018b0                PROVIDE (__fini_array_start, .)
 *(SORT(.fini_array.*))
 *(.fini_array*)
 .fini_array    0x000018b0        0x4 c:/freescale/kds_1.1.0/toolchain/bin/../lib/gcc/arm-none-eabi/4.8.0/crtbegin.o
                0x000018b4                PROVIDE (__fini_array_end, .)
                0x000018b4                ___ROM_AT = .

.mtb            0x1fffe000        0x0
                0x1fffe000                . = ALIGN (0x8)
                0x1fffe000                _mtb_start = .
 *(.mtb_buf)
                0x1fffe000                . = ALIGN (0x8)
                0x1fffe000                _mtb_end = .

.data           0x1fffe000        0xc load address 0x000018b4
                0x1fffe000                . = ALIGN (0x4)
                0x1fffe000                _sdata = .
 *(.data)
 *(.data*)
 .data.xFreeBytesRemaining
                0x1fffe000        0x4 ./Generated_Code/heap_2.o
 .data.uxCriticalNesting
                0x1fffe004        0x4 ./Generated_Code/port.o
 .data.xNextTaskUnblockTime
                0x1fffe008        0x4 ./Generated_Code/tasks.o
                0x1fffe00c                . = ALIGN (0x4)
                0x1fffe00c                _edata = .
                0x0000000c                ___data_size = (_edata - _sdata)

.jcr            0x1fffe00c        0x0 load address 0x000018c0
 .jcr           0x1fffe00c        0x0 c:/freescale/kds_1.1.0/toolchain/bin/../lib/gcc/arm-none-eabi/4.8.0/crtbegin.o

.tm_clone_table
                0x1fffe00c        0x0 load address 0x000018c0
 .tm_clone_table
                0x1fffe00c        0x0 c:/freescale/kds_1.1.0/toolchain/bin/../lib/gcc/arm-none-eabi/4.8.0/crtbegin.o
 .tm_clone_table
                0x1fffe00c        0x0 c:/freescale/kds_1.1.0/toolchain/bin/../lib/gcc/arm-none-eabi/4.8.0/crtend.o

.igot.plt       0x1fffe00c        0x0 load address 0x000018c0
 .igot.plt      0x00000000        0x0 c:/freescale/kds_1.1.0/toolchain/bin/../lib/gcc/arm-none-eabi/4.8.0/crtbegin.o
                0x1fffe00c                . = ALIGN (0x4)

.bss            0x1fffe00c     0x28c4 load address 0x000018c0
                0x1fffe00c                __START_BSS = .
                0x1fffe00c                PROVIDE (__bss_start__, __START_BSS)
 *(.bss)
 *(.bss*)
 .bss.completed.6137
                0x1fffe00c        0x1 c:/freescale/kds_1.1.0/toolchain/bin/../lib/gcc/arm-none-eabi/4.8.0/crtbegin.o
 *fill*         0x1fffe00d        0x3 
 .bss.object.6142
                0x1fffe010       0x18 c:/freescale/kds_1.1.0/toolchain/bin/../lib/gcc/arm-none-eabi/4.8.0/crtbegin.o
 .bss.argv      0x1fffe028       0x28 ./Project_Settings/Startup_Code/startup.o
 .bss.DeviceDataPrv__DEFAULT_RTOS_ALLOC
                0x1fffe050        0x4 ./Generated_Code/BitIoLdd1.o
 .bss.PE_LDD_DeviceDataList
                0x1fffe054        0x4 ./Generated_Code/PE_LDD.o
                0x1fffe054                PE_LDD_DeviceDataList
 .bss.ucHeap    0x1fffe058     0x2710 ./Generated_Code/heap_2.o
 .bss.xStart    0x20000768        0x8 ./Generated_Code/heap_2.o
 .bss.xEnd      0x20000770        0x8 ./Generated_Code/heap_2.o
 .bss.xHeapHasBeenInitialised.6574
                0x20000778        0x4 ./Generated_Code/heap_2.o
 .bss.xJumpBuf  0x2000077c       0x5c ./Generated_Code/port.o
 .bss.pxCurrentTCB
                0x200007d8        0x4 ./Generated_Code/tasks.o
                0x200007d8                pxCurrentTCB
 .bss.pxReadyTasksLists
                0x200007dc       0x78 ./Generated_Code/tasks.o
 .bss.xDelayedTaskList1
                0x20000854       0x14 ./Generated_Code/tasks.o
 .bss.xDelayedTaskList2
                0x20000868       0x14 ./Generated_Code/tasks.o
 .bss.pxDelayedTaskList
                0x2000087c        0x4 ./Generated_Code/tasks.o
 .bss.pxOverflowDelayedTaskList
                0x20000880        0x4 ./Generated_Code/tasks.o
 .bss.xPendingReadyList
                0x20000884       0x14 ./Generated_Code/tasks.o
 .bss.xSuspendedTaskList
                0x20000898       0x14 ./Generated_Code/tasks.o
 .bss.uxCurrentNumberOfTasks
                0x200008ac        0x4 ./Generated_Code/tasks.o
 .bss.xTickCount
                0x200008b0        0x4 ./Generated_Code/tasks.o
 .bss.uxTopReadyPriority
                0x200008b4        0x4 ./Generated_Code/tasks.o
 .bss.xSchedulerRunning
                0x200008b8        0x4 ./Generated_Code/tasks.o
 .bss.uxPendedTicks
                0x200008bc        0x4 ./Generated_Code/tasks.o
 .bss.xYieldPending
                0x200008c0        0x4 ./Generated_Code/tasks.o
 .bss.xNumOfOverflows
                0x200008c4        0x4 ./Generated_Code/tasks.o
 .bss.uxTaskNumber
                0x200008c8        0x4 ./Generated_Code/tasks.o
 .bss.uxSchedulerSuspended
                0x200008cc        0x4 ./Generated_Code/tasks.o
 *(COMMON)
                0x200008d0                . = ALIGN (0x4)
                0x200008d0                __END_BSS = .
                0x200008d0                PROVIDE (__bss_end__, __END_BSS)
                0x000018c0                _romp_at = (___ROM_AT + SIZEOF (.data))

.romp           0x200008d0       0x18 load address 0x000018c0
                0x000018c0                __S_romp = _romp_at
                0x200008d0        0x4 LONG 0x18b4 ___ROM_AT
                0x200008d4        0x4 LONG 0x1fffe000 _sdata
                0x200008d8        0x4 LONG 0xc ___data_size
                0x200008dc        0x4 LONG 0x0
                0x200008e0        0x4 LONG 0x0
                0x200008e4        0x4 LONG 0x0

._user_heap_stack
                0x200008e8      0x400 load address 0x000018d8
                0x200008e8                . = ALIGN (0x4)
                0x200008e8                PROVIDE (end, .)
                0x200008e8                PROVIDE (_end, .)
                0x200008e8                __heap_addr = .
                0x200008e8                __HeapBase = .
                0x200008e8                . = (. + __heap_size)
                0x200008e8                __HeapLimit = .
                0x20000ce8                . = (. + __stack_size)
 *fill*         0x200008e8      0x400 
                0x20000ce8                . = ALIGN (0x4)

.ARM.attributes
                0x00000000       0x2d
 *(.ARM.attributes)
 .ARM.attributes
                0x00000000       0x23 c:/freescale/kds_1.1.0/toolchain/bin/../lib/gcc/arm-none-eabi/4.8.0/crti.o
 .ARM.attributes
                0x00000023       0x31 c:/freescale/kds_1.1.0/toolchain/bin/../lib/gcc/arm-none-eabi/4.8.0/crtbegin.o
 .ARM.attributes
                0x00000054       0x32 ./Sources/Events.o
 .ARM.attributes
                0x00000086       0x32 ./Sources/freeRTOS_tasks.o
 .ARM.attributes
                0x000000b8       0x32 ./Sources/main.o
 .ARM.attributes
                0x000000ea       0x32 ./Project_Settings/Startup_Code/startup.o
 .ARM.attributes
                0x0000011c       0x32 ./Generated_Code/BitIoLdd1.o
 .ARM.attributes
                0x0000014e       0x32 ./Generated_Code/Cpu.o
 .ARM.attributes
                0x00000180       0x32 ./Generated_Code/PE_LDD.o
 .ARM.attributes
                0x000001b2       0x32 ./Generated_Code/Vectors.o
 .ARM.attributes
                0x000001e4       0x32 ./Generated_Code/heap_2.o
 .ARM.attributes
                0x00000216       0x32 ./Generated_Code/list.o
 .ARM.attributes
                0x00000248       0x32 ./Generated_Code/port.o
 .ARM.attributes
                0x0000027a       0x32 ./Generated_Code/tasks.o
 .ARM.attributes
                0x000002ac       0x31 c:/freescale/kds_1.1.0/toolchain/bin/../lib/gcc/arm-none-eabi/4.8.0/../../../../arm-none-eabi/lib\libg_s.a(lib_a-memset.o)
 .ARM.attributes
                0x000002dd       0x21 c:/freescale/kds_1.1.0/toolchain/bin/../lib/gcc/arm-none-eabi/4.8.0/../../../../arm-none-eabi/lib\libg_s.a(lib_a-setjmp.o)
 .ARM.attributes
                0x000002fe       0x31 c:/freescale/kds_1.1.0/toolchain/bin/../lib/gcc/arm-none-eabi/4.8.0/crtend.o
 .ARM.attributes
                0x0000032f       0x23 c:/freescale/kds_1.1.0/toolchain/bin/../lib/gcc/arm-none-eabi/4.8.0/crtn.o
OUTPUT(FreeRTOS_LedBlink.elf elf32-littlearm)

.comment        0x00000000       0x2a
 .comment       0x00000000       0x2a c:/freescale/kds_1.1.0/toolchain/bin/../lib/gcc/arm-none-eabi/4.8.0/crtbegin.o
                                 0x2b (size before relaxing)
 .comment       0x00000000       0x2b ./Sources/Events.o
 .comment       0x00000000       0x2b ./Sources/freeRTOS_tasks.o
 .comment       0x00000000       0x2b ./Sources/main.o
 .comment       0x00000000       0x2b ./Project_Settings/Startup_Code/startup.o
 .comment       0x00000000       0x2b ./Generated_Code/BitIoLdd1.o
 .comment       0x00000000       0x2b ./Generated_Code/Cpu.o
 .comment       0x00000000       0x2b ./Generated_Code/PE_LDD.o
 .comment       0x00000000       0x2b ./Generated_Code/Vectors.o
 .comment       0x00000000       0x2b ./Generated_Code/heap_2.o
 .comment       0x00000000       0x2b ./Generated_Code/list.o
 .comment       0x00000000       0x2b ./Generated_Code/port.o
 .comment       0x00000000       0x2b ./Generated_Code/tasks.o
 .comment       0x00000000       0x2b c:/freescale/kds_1.1.0/toolchain/bin/../lib/gcc/arm-none-eabi/4.8.0/../../../../arm-none-eabi/lib\libg_s.a(lib_a-memset.o)
 .comment       0x00000000       0x2b c:/freescale/kds_1.1.0/toolchain/bin/../lib/gcc/arm-none-eabi/4.8.0/crtend.o

.debug_info     0x00000000     0x2b08
 .debug_info    0x00000000      0x10e ./Sources/Events.o
 .debug_info    0x0000010e       0xf2 ./Sources/freeRTOS_tasks.o
 .debug_info    0x00000200       0xb2 ./Sources/main.o
 .debug_info    0x000002b2      0x308 ./Project_Settings/Startup_Code/startup.o
 .debug_info    0x000005ba      0x390 ./Generated_Code/BitIoLdd1.o
 .debug_info    0x0000094a      0x826 ./Generated_Code/Cpu.o
 .debug_info    0x00001170      0x23b ./Generated_Code/PE_LDD.o
 .debug_info    0x000013ab      0x103 ./Generated_Code/Vectors.o
 .debug_info    0x000014ae      0x2c6 ./Generated_Code/heap_2.o
 .debug_info    0x00001774      0x29d ./Generated_Code/list.o
 .debug_info    0x00001a11      0x26a ./Generated_Code/port.o
 .debug_info    0x00001c7b      0xe8d ./Generated_Code/tasks.o

.debug_abbrev   0x00000000      0xcbc
 .debug_abbrev  0x00000000       0x8b ./Sources/Events.o
 .debug_abbrev  0x0000008b       0xac ./Sources/freeRTOS_tasks.o
 .debug_abbrev  0x00000137       0x5b ./Sources/main.o
 .debug_abbrev  0x00000192      0x148 ./Project_Settings/Startup_Code/startup.o
 .debug_abbrev  0x000002da      0x15f ./Generated_Code/BitIoLdd1.o
 .debug_abbrev  0x00000439      0x160 ./Generated_Code/Cpu.o
 .debug_abbrev  0x00000599      0x10d ./Generated_Code/PE_LDD.o
 .debug_abbrev  0x000006a6       0xa4 ./Generated_Code/Vectors.o
 .debug_abbrev  0x0000074a      0x155 ./Generated_Code/heap_2.o
 .debug_abbrev  0x0000089f       0xc1 ./Generated_Code/list.o
 .debug_abbrev  0x00000960      0x122 ./Generated_Code/port.o
 .debug_abbrev  0x00000a82      0x23a ./Generated_Code/tasks.o

.debug_aranges  0x00000000      0x408
 .debug_aranges
                0x00000000       0x40 ./Sources/Events.o
 .debug_aranges
                0x00000040       0x20 ./Sources/freeRTOS_tasks.o
 .debug_aranges
                0x00000060       0x20 ./Sources/main.o
 .debug_aranges
                0x00000080       0x60 ./Project_Settings/Startup_Code/startup.o
 .debug_aranges
                0x000000e0       0x48 ./Generated_Code/BitIoLdd1.o
 .debug_aranges
                0x00000128       0x38 ./Generated_Code/Cpu.o
 .debug_aranges
                0x00000160       0x30 ./Generated_Code/PE_LDD.o
 .debug_aranges
                0x00000190       0x18 ./Generated_Code/Vectors.o
 .debug_aranges
                0x000001a8       0x40 ./Generated_Code/heap_2.o
 .debug_aranges
                0x000001e8       0x40 ./Generated_Code/list.o
 .debug_aranges
                0x00000228       0x90 ./Generated_Code/port.o
 .debug_aranges
                0x000002b8      0x150 ./Generated_Code/tasks.o

.debug_ranges   0x00000000      0x340
 .debug_ranges  0x00000000       0x30 ./Sources/Events.o
 .debug_ranges  0x00000030       0x10 ./Sources/freeRTOS_tasks.o
 .debug_ranges  0x00000040       0x10 ./Sources/main.o
 .debug_ranges  0x00000050       0x50 ./Project_Settings/Startup_Code/startup.o
 .debug_ranges  0x000000a0       0x38 ./Generated_Code/BitIoLdd1.o
 .debug_ranges  0x000000d8       0x28 ./Generated_Code/Cpu.o
 .debug_ranges  0x00000100       0x20 ./Generated_Code/PE_LDD.o
 .debug_ranges  0x00000120       0x30 ./Generated_Code/heap_2.o
 .debug_ranges  0x00000150       0x30 ./Generated_Code/list.o
 .debug_ranges  0x00000180       0x80 ./Generated_Code/port.o
 .debug_ranges  0x00000200      0x140 ./Generated_Code/tasks.o

.debug_macro    0x00000000     0xed9b
 .debug_macro   0x00000000      0x22e ./Sources/Events.o
 .debug_macro   0x0000022e      0x802 ./Sources/Events.o
 .debug_macro   0x00000a30      0x214 ./Sources/Events.o
 .debug_macro   0x00000c44     0x158b ./Sources/Events.o
 .debug_macro   0x000021cf      0x14e ./Sources/Events.o
 .debug_macro   0x0000231d       0x64 ./Sources/Events.o
 .debug_macro   0x00002381     0x882c ./Sources/Events.o
 .debug_macro   0x0000abad       0x9a ./Sources/Events.o
 .debug_macro   0x0000ac47       0x94 ./Sources/Events.o
 .debug_macro   0x0000acdb      0x12b ./Sources/Events.o
 .debug_macro   0x0000ae06       0x46 ./Sources/Events.o
 .debug_macro   0x0000ae4c       0x27 ./Sources/Events.o
 .debug_macro   0x0000ae73       0x2e ./Sources/Events.o
 .debug_macro   0x0000aea1       0x2e ./Sources/Events.o
 .debug_macro   0x0000aecf       0x95 ./Sources/Events.o
 .debug_macro   0x0000af64       0x3a ./Sources/Events.o
 .debug_macro   0x0000af9e       0x52 ./Sources/Events.o
 .debug_macro   0x0000aff0       0x19 ./Sources/Events.o
 .debug_macro   0x0000b009      0x16d ./Sources/Events.o
 .debug_macro   0x0000b176       0x89 ./Sources/Events.o
 .debug_macro   0x0000b1ff       0xef ./Sources/Events.o
 .debug_macro   0x0000b2ee       0x19 ./Sources/Events.o
 .debug_macro   0x0000b307      0x242 ./Sources/Events.o
 .debug_macro   0x0000b549       0x40 ./Sources/Events.o
 .debug_macro   0x0000b589       0xce ./Sources/Events.o
 .debug_macro   0x0000b657       0x12 ./Sources/Events.o
 .debug_macro   0x0000b669       0x1f ./Sources/Events.o
 .debug_macro   0x0000b688       0x79 ./Sources/Events.o
 .debug_macro   0x0000b701       0x69 ./Sources/Events.o
 .debug_macro   0x0000b76a      0x2ff ./Sources/Events.o
 .debug_macro   0x0000ba69       0xb0 ./Sources/Events.o
 .debug_macro   0x0000bb19       0x7e ./Sources/Events.o
 .debug_macro   0x0000bb97       0x97 ./Sources/Events.o
 .debug_macro   0x0000bc2e       0x19 ./Sources/Events.o
 .debug_macro   0x0000bc47      0x1e7 ./Sources/Events.o
 .debug_macro   0x0000be2e      0x22e ./Sources/freeRTOS_tasks.o
 .debug_macro   0x0000c05c      0x238 ./Sources/main.o
 .debug_macro   0x0000c294       0xee ./Project_Settings/Startup_Code/startup.o
 .debug_macro   0x0000c382       0x10 ./Project_Settings/Startup_Code/startup.o
 .debug_macro   0x0000c392       0x89 ./Project_Settings/Startup_Code/startup.o
 .debug_macro   0x0000c41b       0x1c ./Project_Settings/Startup_Code/startup.o
 .debug_macro   0x0000c437       0xf3 ./Generated_Code/BitIoLdd1.o
 .debug_macro   0x0000c52a      0x166 ./Generated_Code/BitIoLdd1.o
 .debug_macro   0x0000c690     0x1585 ./Generated_Code/BitIoLdd1.o
 .debug_macro   0x0000dc15       0xa0 ./Generated_Code/BitIoLdd1.o
 .debug_macro   0x0000dcb5       0x46 ./Generated_Code/BitIoLdd1.o
 .debug_macro   0x0000dcfb      0x22b ./Generated_Code/Cpu.o
 .debug_macro   0x0000df26       0x43 ./Generated_Code/Cpu.o
 .debug_macro   0x0000df69       0x35 ./Generated_Code/Cpu.o
 .debug_macro   0x0000df9e      0x20b ./Generated_Code/PE_LDD.o
 .debug_macro   0x0000e1a9      0x232 ./Generated_Code/Vectors.o
 .debug_macro   0x0000e3db      0x273 ./Generated_Code/heap_2.o
 .debug_macro   0x0000e64e       0x10 ./Generated_Code/heap_2.o
 .debug_macro   0x0000e65e       0x12 ./Generated_Code/heap_2.o
 .debug_macro   0x0000e670      0x14c ./Generated_Code/list.o
 .debug_macro   0x0000e7bc      0x214 ./Generated_Code/port.o
 .debug_macro   0x0000e9d0       0xc8 ./Generated_Code/port.o
 .debug_macro   0x0000ea98       0x18 ./Generated_Code/port.o
 .debug_macro   0x0000eab0      0x2d5 ./Generated_Code/tasks.o
 .debug_macro   0x0000ed85       0x16 ./Generated_Code/tasks.o

.debug_line     0x00000000     0x3b7f
 .debug_line    0x00000000      0x4ab ./Sources/Events.o
 .debug_line    0x000004ab      0x47c ./Sources/freeRTOS_tasks.o
 .debug_line    0x00000927      0x477 ./Sources/main.o
 .debug_line    0x00000d9e      0x322 ./Project_Settings/Startup_Code/startup.o
 .debug_line    0x000010c0      0x2fa ./Generated_Code/BitIoLdd1.o
 .debug_line    0x000013ba      0x59e ./Generated_Code/Cpu.o
 .debug_line    0x00001958      0x43a ./Generated_Code/PE_LDD.o
 .debug_line    0x00001d92      0x513 ./Generated_Code/Vectors.o
 .debug_line    0x000022a5      0x5ac ./Generated_Code/heap_2.o
 .debug_line    0x00002851      0x2ee ./Generated_Code/list.o
 .debug_line    0x00002b3f      0x418 ./Generated_Code/port.o
 .debug_line    0x00002f57      0xc28 ./Generated_Code/tasks.o

.debug_str      0x00000000    0x3f292
 .debug_str     0x00000000    0x3ccfe ./Sources/Events.o
                              0x3d167 (size before relaxing)
 .debug_str     0x0003ccfe       0x7c ./Sources/freeRTOS_tasks.o
                              0x3d12a (size before relaxing)
 .debug_str     0x0003cd7a       0x23 ./Sources/main.o
                              0x3d0e9 (size before relaxing)
 .debug_str     0x0003cd9d      0x207 ./Project_Settings/Startup_Code/startup.o
                               0x4001 (size before relaxing)
 .debug_str     0x0003cfa4      0x27c ./Generated_Code/BitIoLdd1.o
                              0x38662 (size before relaxing)
 .debug_str     0x0003d220      0x2b5 ./Generated_Code/Cpu.o
                              0x3d3ae (size before relaxing)
 .debug_str     0x0003d4d5      0x17e ./Generated_Code/PE_LDD.o
                              0x3d262 (size before relaxing)
 .debug_str     0x0003d653       0x1c ./Generated_Code/Vectors.o
                              0x3d10a (size before relaxing)
 .debug_str     0x0003d66f      0x3a7 ./Generated_Code/heap_2.o
                              0x3d4f1 (size before relaxing)
 .debug_str     0x0003da16      0x124 ./Generated_Code/list.o
                               0xda5a (size before relaxing)
 .debug_str     0x0003db3a      0x9cd ./Generated_Code/port.o
                              0x382fe (size before relaxing)
 .debug_str     0x0003e507      0xd8b ./Generated_Code/tasks.o
                              0x3e071 (size before relaxing)

.debug_frame    0x00000000      0xbb4
 .debug_frame   0x00000000       0xa0 ./Sources/Events.o
 .debug_frame   0x000000a0       0x30 ./Sources/freeRTOS_tasks.o
 .debug_frame   0x000000d0       0x30 ./Sources/main.o
 .debug_frame   0x00000100      0x120 ./Project_Settings/Startup_Code/startup.o
 .debug_frame   0x00000220       0xd0 ./Generated_Code/BitIoLdd1.o
 .debug_frame   0x000002f0       0x80 ./Generated_Code/Cpu.o
 .debug_frame   0x00000370       0x6c ./Generated_Code/PE_LDD.o
 .debug_frame   0x000003dc       0xa8 ./Generated_Code/heap_2.o
 .debug_frame   0x00000484       0xb0 ./Generated_Code/list.o
 .debug_frame   0x00000534      0x1a4 ./Generated_Code/port.o
 .debug_frame   0x000006d8      0x4dc ./Generated_Code/tasks.o
