Archive member included because of file (symbol)

c:/freescale/kds_1.1.0/toolchain/bin/../lib/gcc/arm-none-eabi/4.8.0\libgcc.a(_udivsi3.o)
                              ./MQXLITE/psp/cortex_m/psp_tinm.o (__aeabi_uidiv)
c:/freescale/kds_1.1.0/toolchain/bin/../lib/gcc/arm-none-eabi/4.8.0\libgcc.a(_dvmd_tls.o)
                              c:/freescale/kds_1.1.0/toolchain/bin/../lib/gcc/arm-none-eabi/4.8.0\libgcc.a(_udivsi3.o) (__aeabi_idiv0)
c:/freescale/kds_1.1.0/toolchain/bin/../lib/gcc/arm-none-eabi/4.8.0/../../../../arm-none-eabi/lib\libg_s.a(lib_a-atexit.o)
                              c:/freescale/kds_1.1.0/toolchain/bin/../lib/gcc/arm-none-eabi/4.8.0/../../../../arm-none-eabi/lib/crt0.o (atexit)
c:/freescale/kds_1.1.0/toolchain/bin/../lib/gcc/arm-none-eabi/4.8.0/../../../../arm-none-eabi/lib\libg_s.a(lib_a-exit.o)
                              c:/freescale/kds_1.1.0/toolchain/bin/../lib/gcc/arm-none-eabi/4.8.0/../../../../arm-none-eabi/lib/crt0.o (exit)
c:/freescale/kds_1.1.0/toolchain/bin/../lib/gcc/arm-none-eabi/4.8.0/../../../../arm-none-eabi/lib\libg_s.a(lib_a-fini.o)
                              c:/freescale/kds_1.1.0/toolchain/bin/../lib/gcc/arm-none-eabi/4.8.0/../../../../arm-none-eabi/lib\libg_s.a(lib_a-exit.o) (__libc_fini_array)
c:/freescale/kds_1.1.0/toolchain/bin/../lib/gcc/arm-none-eabi/4.8.0/../../../../arm-none-eabi/lib\libg_s.a(lib_a-impure.o)
                              c:/freescale/kds_1.1.0/toolchain/bin/../lib/gcc/arm-none-eabi/4.8.0/../../../../arm-none-eabi/lib\libg_s.a(lib_a-exit.o) (_global_impure_ptr)
c:/freescale/kds_1.1.0/toolchain/bin/../lib/gcc/arm-none-eabi/4.8.0/../../../../arm-none-eabi/lib\libg_s.a(lib_a-memset.o)
                              c:/freescale/kds_1.1.0/toolchain/bin/../lib/gcc/arm-none-eabi/4.8.0/../../../../arm-none-eabi/lib/crt0.o (memset)
c:/freescale/kds_1.1.0/toolchain/bin/../lib/gcc/arm-none-eabi/4.8.0/../../../../arm-none-eabi/lib\libg_s.a(lib_a-printf.o)
                              ./MQXLITE/psp/cortex_m/psp_tipr.o (printf)
c:/freescale/kds_1.1.0/toolchain/bin/../lib/gcc/arm-none-eabi/4.8.0/../../../../arm-none-eabi/lib\libg_s.a(lib_a-strncmp.o)
                              ./MQXLITE/kernel/task.o (strncmp)
c:/freescale/kds_1.1.0/toolchain/bin/../lib/gcc/arm-none-eabi/4.8.0/../../../../arm-none-eabi/lib\libg_s.a(lib_a-syscalls.o)
                              c:/freescale/kds_1.1.0/toolchain/bin/../lib/gcc/arm-none-eabi/4.8.0/../../../../arm-none-eabi/lib\libg_s.a(lib_a-exit.o) (_exit)
c:/freescale/kds_1.1.0/toolchain/bin/../lib/gcc/arm-none-eabi/4.8.0/../../../../arm-none-eabi/lib\libg_s.a(lib_a-vfprintf.o)
                              c:/freescale/kds_1.1.0/toolchain/bin/../lib/gcc/arm-none-eabi/4.8.0/../../../../arm-none-eabi/lib\libg_s.a(lib_a-printf.o) (_vfprintf_r)
c:/freescale/kds_1.1.0/toolchain/bin/../lib/gcc/arm-none-eabi/4.8.0/../../../../arm-none-eabi/lib\libg_s.a(lib_a-vfprintf_i.o)
                              c:/freescale/kds_1.1.0/toolchain/bin/../lib/gcc/arm-none-eabi/4.8.0/../../../../arm-none-eabi/lib\libg_s.a(lib_a-vfprintf.o) (_printf_i)
c:/freescale/kds_1.1.0/toolchain/bin/../lib/gcc/arm-none-eabi/4.8.0/../../../../arm-none-eabi/lib\libg_s.a(lib_a-wbuf.o)
                              c:/freescale/kds_1.1.0/toolchain/bin/../lib/gcc/arm-none-eabi/4.8.0/../../../../arm-none-eabi/lib\libg_s.a(lib_a-vfprintf.o) (__swbuf_r)
c:/freescale/kds_1.1.0/toolchain/bin/../lib/gcc/arm-none-eabi/4.8.0/../../../../arm-none-eabi/lib\libg_s.a(lib_a-wsetup.o)
                              c:/freescale/kds_1.1.0/toolchain/bin/../lib/gcc/arm-none-eabi/4.8.0/../../../../arm-none-eabi/lib\libg_s.a(lib_a-vfprintf.o) (__swsetup_r)
c:/freescale/kds_1.1.0/toolchain/bin/../lib/gcc/arm-none-eabi/4.8.0/../../../../arm-none-eabi/lib\libg_s.a(lib_a-__atexit.o)
                              c:/freescale/kds_1.1.0/toolchain/bin/../lib/gcc/arm-none-eabi/4.8.0/../../../../arm-none-eabi/lib\libg_s.a(lib_a-atexit.o) (__do_register_exitproc)
c:/freescale/kds_1.1.0/toolchain/bin/../lib/gcc/arm-none-eabi/4.8.0/../../../../arm-none-eabi/lib\libg_s.a(lib_a-__call_atexit.o)
                              c:/freescale/kds_1.1.0/toolchain/bin/../lib/gcc/arm-none-eabi/4.8.0/../../../../arm-none-eabi/lib\libg_s.a(lib_a-__atexit.o) (__call_exitprocs)
c:/freescale/kds_1.1.0/toolchain/bin/../lib/gcc/arm-none-eabi/4.8.0/../../../../arm-none-eabi/lib\libg_s.a(lib_a-errno.o)
                              c:/freescale/kds_1.1.0/toolchain/bin/../lib/gcc/arm-none-eabi/4.8.0/../../../../arm-none-eabi/lib\libg_s.a(lib_a-syscalls.o) (__errno)
c:/freescale/kds_1.1.0/toolchain/bin/../lib/gcc/arm-none-eabi/4.8.0/../../../../arm-none-eabi/lib\libg_s.a(lib_a-fflush.o)
                              c:/freescale/kds_1.1.0/toolchain/bin/../lib/gcc/arm-none-eabi/4.8.0/../../../../arm-none-eabi/lib\libg_s.a(lib_a-wbuf.o) (_fflush_r)
c:/freescale/kds_1.1.0/toolchain/bin/../lib/gcc/arm-none-eabi/4.8.0/../../../../arm-none-eabi/lib\libg_s.a(lib_a-findfp.o)
[...]
Memory Configuration

Name             Origin             Length             Attributes
m_interrupts     0x00000000         0x000000c0         xr
m_text           0x00000410         0x0003fbf0         xr
m_data           0x1fffe000         0x00008000         rw
m_cfmprotrom     0x00000400         0x00000010         xr
*default*        0x00000000         0xffffffff

Linker script and memory map

LOAD c:/freescale/kds_1.1.0/toolchain/bin/../lib/gcc/arm-none-eabi/4.8.0/crti.o
LOAD c:/freescale/kds_1.1.0/toolchain/bin/../lib/gcc/arm-none-eabi/4.8.0/crtbegin.o
LOAD c:/freescale/kds_1.1.0/toolchain/bin/../lib/gcc/arm-none-eabi/4.8.0/../../../../arm-none-eabi/lib/crt0.o
LOAD ./Sources/Events.o
LOAD ./Sources/main.o
LOAD ./Sources/mqx_tasks.o
LOAD ./Project_Settings/Startup_Code/startup.o
LOAD ./MQXLITE/psp/cortex_m/core/M0/boot.o
LOAD ./MQXLITE/psp/cortex_m/core/M0/dispatch.o
LOAD ./MQXLITE/psp/cortex_m/cortex.o
LOAD ./MQXLITE/psp/cortex_m/int_gkis.o
LOAD ./MQXLITE/psp/cortex_m/int_inst.o
LOAD ./MQXLITE/psp/cortex_m/int_kisr.o
LOAD ./MQXLITE/psp/cortex_m/int_pvta.o
LOAD ./MQXLITE/psp/cortex_m/int_unx.o
LOAD ./MQXLITE/psp/cortex_m/int_vtab.o
LOAD ./MQXLITE/psp/cortex_m/int_xcpt.o
LOAD ./MQXLITE/psp/cortex_m/mem_zero.o
LOAD ./MQXLITE/psp/cortex_m/psp_iinit.o
LOAD ./MQXLITE/psp/cortex_m/psp_supp.o
LOAD ./MQXLITE/psp/cortex_m/psp_tiad.o
LOAD ./MQXLITE/psp/cortex_m/psp_tinm.o
LOAD ./MQXLITE/psp/cortex_m/psp_tipr.o
LOAD ./MQXLITE/psp/cortex_m/psp_tisu.o
LOAD ./MQXLITE/psp/cortex_m/sc_irdyq.o
LOAD ./MQXLITE/psp/cortex_m/stack_bu.o
LOAD ./MQXLITE/psp/cortex_m/stack_de.o
LOAD ./MQXLITE/psp/cortex_m/stack_st.o
LOAD ./MQXLITE/kernel/idletask.o
LOAD ./MQXLITE/kernel/int.o
LOAD ./MQXLITE/kernel/klog.o
LOAD ./MQXLITE/kernel/lwevent.o
LOAD ./MQXLITE/kernel/lwlog.o
LOAD ./MQXLITE/kernel/lwmem.o
LOAD ./MQXLITE/kernel/lwmsgq.o
LOAD ./MQXLITE/kernel/lwsem.o
LOAD ./MQXLITE/kernel/lwtimer.o
LOAD ./MQXLITE/kernel/mqx_utils.o
LOAD ./MQXLITE/kernel/mqxlite.o
LOAD ./MQXLITE/kernel/mutex.o
LOAD ./MQXLITE/kernel/qu_test.o
LOAD ./MQXLITE/kernel/sched.o
LOAD ./MQXLITE/kernel/task.o
LOAD ./MQXLITE/kernel/time_ticks.o
LOAD ./MQXLITE/config/task_template_list.o
LOAD ./Generated_Code/BitIoLdd1.o
LOAD ./Generated_Code/Cpu.o
LOAD ./Generated_Code/LedPtd5.o
LOAD ./Generated_Code/MQX1.o
LOAD ./Generated_Code/PE_LDD.o
LOAD ./Generated_Code/SystemTimer1.o
LOAD ./Generated_Code/Vectors.o
LOAD c:/freescale/kds_1.1.0/toolchain/bin/../lib/gcc/arm-none-eabi/4.8.0/../../../../arm-none-eabi/lib\libstdc++.a
LOAD c:/freescale/kds_1.1.0/toolchain/bin/../lib/gcc/arm-none-eabi/4.8.0/../../../../arm-none-eabi/lib\libm.a
START GROUP
LOAD c:/freescale/kds_1.1.0/toolchain/bin/../lib/gcc/arm-none-eabi/4.8.0\libgcc.a
LOAD c:/freescale/kds_1.1.0/toolchain/bin/../lib/gcc/arm-none-eabi/4.8.0/../../../../arm-none-eabi/lib\libg_s.a
LOAD c:/freescale/kds_1.1.0/toolchain/bin/../lib/gcc/arm-none-eabi/4.8.0/../../../../arm-none-eabi/lib\libc_s.a
END GROUP
LOAD c:/freescale/kds_1.1.0/toolchain/bin/../lib/gcc/arm-none-eabi/4.8.0/crtend.o
LOAD c:/freescale/kds_1.1.0/toolchain/bin/../lib/gcc/arm-none-eabi/4.8.0/crtn.o
                0x20006000                _estack = 0x20006000
                0x20006000                __SP_INIT = _estack
                0x00000000                __heap_size = 0x0
                0x00000400                __stack_size = 0x400

.interrupts     0x00000000       0xc0
                0x00000000                __vector_table = .
                0x00000000                . = ALIGN (0x4)
 *(.vectortable)
 .vectortable   0x00000000       0xc0 ./Generated_Code/Vectors.o
                0x00000000                __vect_table
                0x000000c0                . = ALIGN (0x4)

.cfmprotect     0x00000400       0x10
                0x00000400                . = ALIGN (0x4)
 *(.cfmconfig)
 .cfmconfig     0x00000400       0x10 ./Generated_Code/Cpu.o
                0x00000400                _cfm
                0x00000410                . = ALIGN (0x4)

.text           0x00000410     0x26dc
                0x00000410                . = ALIGN (0x4)
 *(.text)
 .text          0x00000410       0x34 ./MQXLITE/psp/cortex_m/core/M0/boot.o
                0x00000410                __boot
 .text          0x00000444       0x9c c:/freescale/kds_1.1.0/toolchain/bin/../lib/gcc/arm-none-eabi/4.8.0\libgcc.a(_udivsi3.o)
                0x00000444                __aeabi_uidiv
                0x00000444                __udivsi3
                0x000004cc                __aeabi_uidivmod
 .text          0x000004e0        0x4 c:/freescale/kds_1.1.0/toolchain/bin/../lib/gcc/arm-none-eabi/4.8.0\libgcc.a(_dvmd_tls.o)
                0x000004e0                __aeabi_idiv0
                0x000004e0                __aeabi_ldiv0
 *(.text*)
 .text.deregister_tm_clones
                0x000004e4       0x24 c:/freescale/kds_1.1.0/toolchain/bin/../lib/gcc/arm-none-eabi/4.8.0/crtbegin.o
 .text.register_tm_clones
                0x00000508       0x28 c:/freescale/kds_1.1.0/toolchain/bin/../lib/gcc/arm-none-eabi/4.8.0/crtbegin.o
 .text.__do_global_dtors_aux
                0x00000530       0x30 c:/freescale/kds_1.1.0/toolchain/bin/../lib/gcc/arm-none-eabi/4.8.0/crtbegin.o
 .text.frame_dummy
                0x00000560       0x3c c:/freescale/kds_1.1.0/toolchain/bin/../lib/gcc/arm-none-eabi/4.8.0/crtbegin.o
 .text.Cpu_OnNMIINT
                0x0000059c        0x8 ./Sources/Events.o
                0x0000059c                Cpu_OnNMIINT
 .text.main     0x000005a4       0x10 ./Sources/main.o
                0x000005a4                main
 .text.LedBlink_task
                0x000005b4       0x34 ./Sources/mqx_tasks.o
                0x000005b4                LedBlink_task
 .text.__flush_cache
                0x000005e8       0x10 ./Project_Settings/Startup_Code/startup.o
                0x000005e8                __flush_cache
 .text.__copy_rom_section
                0x000005f8       0xd8 ./Project_Settings/Startup_Code/startup.o
                0x000005f8                __copy_rom_section
 .text.__copy_rom_sections_to_ram
                0x000006d0       0xc0 ./Project_Settings/Startup_Code/startup.o
                0x000006d0                __copy_rom_sections_to_ram
 .text.zero_fill_bss
                0x00000790       0xac ./Project_Settings/Startup_Code/startup.o
 .text.__init_registers
                0x0000083c        0x8 ./Project_Settings/Startup_Code/startup.o
                0x0000083c                __init_registers
 .text.__init_user
                0x00000844        0x8 ./Project_Settings/Startup_Code/startup.o
                0x00000844                __init_user
 .text.__thumb_startup
                0x0000084c       0x48 ./Project_Settings/Startup_Code/startup.o
                0x0000084c                __thumb_startup
 .text._psp_int_install
                0x00000894       0x20 ./MQXLITE/psp/cortex_m/int_inst.o
                0x00000894                _psp_int_install
 .text._int_set_vector_table
                0x000008b4       0x2c ./MQXLITE/psp/cortex_m/int_vtab.o
                0x000008b4                _int_set_vector_table
 .text._mem_zero
                0x000008e0      0x188 ./MQXLITE/psp/cortex_m/mem_zero.o
                0x000008e0                _mem_zero
 .text._psp_int_init
                0x00000a68       0x30 ./MQXLITE/psp/cortex_m/psp_iinit.o
                0x00000a68                _psp_int_init
 .text._psp_normalize_ticks
                0x00000a98       0x6c ./MQXLITE/psp/cortex_m/psp_tinm.o
                0x00000a98                _psp_normalize_ticks
 .text._psp_set_kernel_disable_level
                0x00000b04       0xa4 ./MQXLITE/psp/cortex_m/sc_irdyq.o
                0x00000b04                _psp_set_kernel_disable_level
 .text._psp_init_readyqs
                0x00000ba8       0xac ./MQXLITE/psp/cortex_m/sc_irdyq.o
                0x00000ba8                _psp_init_readyqs
 .text._psp_build_stack_frame
                0x00000c54       0x80 ./MQXLITE/psp/cortex_m/stack_bu.o
                0x00000c54                _psp_build_stack_frame
 .text._psp_destroy_stack_frame
                0x00000cd4       0x10 ./MQXLITE/psp/cortex_m/stack_de.o
                0x00000cd4                _psp_destroy_stack_frame
 .text._mqx_idle_task
                0x00000ce4       0x20 ./MQXLITE/kernel/idletask.o
                0x00000ce4                _mqx_idle_task
 .text._int_default_isr
                0x00000d04       0x5c ./MQXLITE/kernel/int.o
                0x00000d04                _int_default_isr
 .text._int_disable
                0x00000d60       0x2c ./MQXLITE/kernel/int.o
                0x00000d60                _int_disable
 .text._int_enable
                0x00000d8c       0x40 ./MQXLITE/kernel/int.o
                0x00000d8c                _int_enable
 .text._int_get_isr_data
                0x00000dcc       0x68 ./MQXLITE/kernel/int.o
                0x00000dcc                _int_get_isr_data
 .text._int_install_isr
                0x00000e34       0x84 ./MQXLITE/kernel/int.o
                0x00000e34                _int_install_isr
 .text._int_init
                0x00000eb8       0x88 ./MQXLITE/kernel/int.o
                0x00000eb8                _int_init
 .text._lwsem_create_internal
                0x00000f40       0xc8 ./MQXLITE/kernel/lwsem.o
                0x00000f40                _lwsem_create_internal
 .text._lwsem_create
                0x00001008       0x24 ./MQXLITE/kernel/lwsem.o
                0x00001008                _lwsem_create
 .text._lwsem_post
                0x0000102c      0x154 ./MQXLITE/kernel/lwsem.o
                0x0000102c                _lwsem_post
 .text._lwsem_wait
                0x00001180      0x114 ./MQXLITE/kernel/lwsem.o
                0x00001180                _lwsem_wait
 .text._mqx_set_cpu_type
                0x00001294       0x20 ./MQXLITE/kernel/mqx_utils.o
                0x00001294                _mqx_set_cpu_type
 .text._mqx_init_kernel_data_internal
                0x000012b4      0x19c ./MQXLITE/kernel/mqx_utils.o
                0x000012b4                _mqx_init_kernel_data_internal
 .text._mqxlite_init
                0x00001450      0x118 ./MQXLITE/kernel/mqxlite.o
                0x00001450                _mqxlite_init
 .text._mqxlite
                0x00001568       0xcc ./MQXLITE/kernel/mqxlite.o
                0x00001568                _mqxlite
 .text._mqx_exit
                0x00001634       0x18 ./MQXLITE/kernel/mqxlite.o
                0x00001634                _mqx_exit
 .text._sched_yield
                0x0000164c       0xb4 ./MQXLITE/kernel/sched.o
                0x0000164c                _sched_yield
 .text._task_destroy_internal
                0x00001700      0x280 ./MQXLITE/kernel/task.o
                0x00001700                _task_destroy_internal
 .text._task_destroy
                0x00001980       0x1c ./MQXLITE/kernel/task.o
                0x00001980                _task_destroy
 .text._task_get_td
                0x0000199c       0xb0 ./MQXLITE/kernel/task.o
                0x0000199c                _task_get_td
 .text._task_set_error
                0x00001a4c       0x48 ./MQXLITE/kernel/task.o
                0x00001a4c                _task_set_error
 .text._task_exit_function_internal
                0x00001a94       0x24 ./MQXLITE/kernel/task.o
                0x00001a94                _task_exit_function_internal
 .text._task_init_internal
                0x00001ab8      0x1a8 ./MQXLITE/kernel/task.o
                0x00001ab8                _task_init_internal
 .text._task_fill_stack_internal
                0x00001c60       0x34 ./MQXLITE/kernel/task.o
                0x00001c60                _task_fill_stack_internal
 .text._task_ready_internal
                0x00001c94       0x44 ./MQXLITE/kernel/task.o
                0x00001c94                _task_ready_internal
 .text._task_alloc_td_internal
                0x00001cd8      0x130 ./MQXLITE/kernel/task.o
                0x00001cd8                _task_alloc_td_internal
 .text._task_set_error_td_internal
                0x00001e08       0x2c ./MQXLITE/kernel/task.o
                0x00001e08                _task_set_error_td_internal
 .text._time_delay_internal
                0x00001e34       0xf8 ./MQXLITE/kernel/time_ticks.o
                0x00001e34                _time_delay_internal
 .text._time_delay_ticks
                0x00001f2c       0x74 ./MQXLITE/kernel/time_ticks.o
                0x00001f2c                _time_delay_ticks
 .text._time_notify_kernel
                0x00001fa0      0x1a0 ./MQXLITE/kernel/time_ticks.o
                0x00001fa0                _time_notify_kernel
 .text._time_set_hwtick_function
                0x00002140       0x28 ./MQXLITE/kernel/time_ticks.o
                0x00002140                _time_set_hwtick_function
 .text._time_set_hwticks_per_tick
                0x00002168       0x20 ./MQXLITE/kernel/time_ticks.o
                0x00002168                _time_set_hwticks_per_tick
 .text._time_get_ticks_per_sec
                0x00002188       0x18 ./MQXLITE/kernel/time_ticks.o
                0x00002188                _time_get_ticks_per_sec
 .text.BitIoLdd1_Init
                0x000021a0       0x60 ./Generated_Code/BitIoLdd1.o
                0x000021a0                BitIoLdd1_Init
 .text.BitIoLdd1_NegVal
                0x00002200       0x18 ./Generated_Code/BitIoLdd1.o
                0x00002200                BitIoLdd1_NegVal
 .text.Cpu_INT_NMIInterrupt
                0x00002218        0xc ./Generated_Code/Cpu.o
                0x00002218                Cpu_INT_NMIInterrupt
 .text.Cpu_Interrupt
                0x00002224        0xc ./Generated_Code/Cpu.o
                0x00002224                Cpu_Interrupt
 .text.__init_hardware
                0x00002230      0x188 ./Generated_Code/Cpu.o
                0x00002230                __init_hardware
 .text.PE_low_level_init
                0x000023b8       0xe0 ./Generated_Code/Cpu.o
                0x000023b8                PE_low_level_init
 .text.SystemTimer1_OnCounterRestart
                0x00002498       0x14 ./Generated_Code/MQX1.o
                0x00002498                SystemTimer1_OnCounterRestart
 .text.SystemTimer1_GetTicsPerSecond
                0x000024ac       0x34 ./Generated_Code/MQX1.o
                0x000024ac                SystemTimer1_GetTicsPerSecond
 .text.system_timer_init
                0x000024e0       0x6c ./Generated_Code/MQX1.o
                0x000024e0                system_timer_init
 .text.system_timer_start
                0x0000254c       0x20 ./Generated_Code/MQX1.o
                0x0000254c                system_timer_start
 .text.SystemTimer1_Init
                0x0000256c       0x8c ./Generated_Code/SystemTimer1.o
                0x0000256c                SystemTimer1_Init
 .text.SystemTimer1_Enable
                0x000025f8       0x24 ./Generated_Code/SystemTimer1.o
                0x000025f8                SystemTimer1_Enable
 .text.SystemTimer1_GetInputFrequency
                0x0000261c       0x18 ./Generated_Code/SystemTimer1.o
                0x0000261c                SystemTimer1_GetInputFrequency
 .text.SystemTimer1_GetPeriodTicks
                0x00002634       0x38 ./Generated_Code/SystemTimer1.o
                0x00002634                SystemTimer1_GetPeriodTicks
 .text.SystemTimer1_GetCounterValue
                0x0000266c       0x18 ./Generated_Code/SystemTimer1.o
                0x0000266c                SystemTimer1_GetCounterValue
 .text.SystemTimer1_Interrupt
                0x00002684       0x30 ./Generated_Code/SystemTimer1.o
                0x00002684                SystemTimer1_Interrupt
 *(.rodata)
 .rodata        0x000026b4       0x10 ./MQXLITE/kernel/mqx_utils.o
 .rodata        0x000026c4       0xdc ./MQXLITE/kernel/mqxlite.o
 .rodata        0x000027a0       0x10 ./MQXLITE/config/task_template_list.o
 *(.rodata*)
 .rodata._mem_zero
                0x000027b0       0x40 ./MQXLITE/psp/cortex_m/mem_zero.o
 .rodata._mqx_version_number
                0x000027f0        0x4 ./MQXLITE/kernel/mqxlite.o
                0x000027f0                _mqx_version_number
 .rodata._mqx_vendor
                0x000027f4        0x4 ./MQXLITE/kernel/mqxlite.o
                0x000027f4                _mqx_vendor
 .rodata._mqx_path
                0x000027f8        0x4 ./MQXLITE/kernel/mqxlite.o
                0x000027f8                _mqx_path
 .rodata._mqxlite_version_number
                0x000027fc        0x4 ./MQXLITE/kernel/mqxlite.o
                0x000027fc                _mqxlite_version_number
 .rodata.MQX_template_list
                0x00002800       0x38 ./MQXLITE/config/task_template_list.o
                0x00002800                MQX_template_list
 .rodata.MQX_init_struct
                0x00002838       0x24 ./Generated_Code/MQX1.o
                0x00002838                MQX_init_struct
 *(.glue_7)
 .glue_7        0x00000000        0x0 linker stubs
 *(.glue_7t)
 .glue_7t       0x00000000        0x0 linker stubs
 *(.eh_frame)
 .eh_frame      0x0000285c        0x0 c:/freescale/kds_1.1.0/toolchain/bin/../lib/gcc/arm-none-eabi/4.8.0/crtbegin.o
 *(.init)
 .init          0x0000285c        0x4 c:/freescale/kds_1.1.0/toolchain/bin/../lib/gcc/arm-none-eabi/4.8.0/crti.o
                0x0000285c                _init
 .init          0x00002860        0x8 c:/freescale/kds_1.1.0/toolchain/bin/../lib/gcc/arm-none-eabi/4.8.0/crtn.o
 *(.fini)
 .fini          0x00002868        0x4 c:/freescale/kds_1.1.0/toolchain/bin/../lib/gcc/arm-none-eabi/4.8.0/crti.o
                0x00002868                _fini
 .fini          0x0000286c        0x8 c:/freescale/kds_1.1.0/toolchain/bin/../lib/gcc/arm-none-eabi/4.8.0/crtn.o
                0x00002874                . = ALIGN (0x4)
 *(KERNEL)
 KERNEL         0x00002874      0x278 ./MQXLITE/psp/cortex_m/core/M0/dispatch.o
                0x00002874                _sched_start_internal
                0x0000287a                _sched_run_internal
                0x00002880                _sched_check_scheduler_internal
                0x00002898                _sched_execute_scheduler_internal
                0x00002960                _mqx_api_call
                0x00002962                _task_block
                0x000029aa                _int_kernel_isr
                0x00002a54                _psp_exception_return
                0x00002a8c                _mem_test_and_set
                0x00002aa2                __get_PSP
                0x00002aa8                __get_MSP
                0x00002aae                __set_MSP
                0x00002ab4                __get_PSR
                0x00002aba                __enable_interrupt
                0x00002abe                __disable_interrupt
                0x00002ac2                __get_LR
                0x00002ac6                __get_PC
                0x00002aca                __get_CONTROL
                0x00000000                __VECTOR_TABLE_START = __vector_table
                0x00002aec                . = ALIGN (0x4)
 *(.rdata)
                0x00002aec                . = ALIGN (0x4)
 *(.exception)
                0x00002aec                . = ALIGN (0x4)
                0x00002aec                __exception_table_start__ = .
                0x00002aec                __exception_table_end__ = .
                0x00002aec                __sinit__ = .
                0x00002aec                _etext = .

.vfp11_veneer   0x00002aec        0x0
 .vfp11_veneer  0x00000000        0x0 linker stubs

.v4_bx          0x00002aec        0x0
 .v4_bx         0x00000000        0x0 linker stubs

.iplt           0x00002aec        0x0
 .iplt          0x00000000        0x0 c:/freescale/kds_1.1.0/toolchain/bin/../lib/gcc/arm-none-eabi/4.8.0/crtbegin.o

.rel.dyn        0x00002aec        0x0
 .rel.iplt      0x00000000        0x0 c:/freescale/kds_1.1.0/toolchain/bin/../lib/gcc/arm-none-eabi/4.8.0/crtbegin.o

.ARM.extab
 *(.ARM.extab* .gnu.linkonce.armextab.*)

.ARM            0x00002aec        0x0
                0x00002aec                __exidx_start = .
 *(.ARM.exidx*)
                0x00002aec                __exidx_end = .

.ctors          0x00002aec        0x0
                0x00002aec                __CTOR_LIST__ = .
 *crtbegin.o(.ctors)
 *(EXCLUDE_FILE(*crtend.o) .ctors)
 *(SORT(.ctors.*))
 *(.ctors)
                0x00002aec                __CTOR_END__ = .

.dtors          0x00002aec        0x0
                0x00002aec                __DTOR_LIST__ = .
 *crtbegin.o(.dtors)
 *(EXCLUDE_FILE(*crtend.o) .dtors)
 *(SORT(.dtors.*))
 *(.dtors)
                0x00002aec                __DTOR_END__ = .

.preinit_array  0x00002aec        0x0
                0x00002aec                PROVIDE (__preinit_array_start, .)
 *(.preinit_array*)
                0x00002aec                PROVIDE (__preinit_array_end, .)

.init_array     0x00002aec        0x4
                0x00002aec                PROVIDE (__init_array_start, .)
 *(SORT(.init_array.*))
 *(.init_array*)
 .init_array    0x00002aec        0x4 c:/freescale/kds_1.1.0/toolchain/bin/../lib/gcc/arm-none-eabi/4.8.0/crtbegin.o
                0x00002af0                PROVIDE (__init_array_end, .)

.fini_array     0x00002af0        0x4
                0x00002af0                PROVIDE (__fini_array_start, .)
 *(SORT(.fini_array.*))
 *(.fini_array*)
 .fini_array    0x00002af0        0x4 c:/freescale/kds_1.1.0/toolchain/bin/../lib/gcc/arm-none-eabi/4.8.0/crtbegin.o
                0x00002af4                PROVIDE (__fini_array_end, .)
                0x00002af4                ___ROM_AT = .

.mtb            0x1fffe000        0x0
                0x1fffe000                . = ALIGN (0x8)
                0x1fffe000                _mtb_start = .
 *(.mtb_buf)
                0x1fffe000                . = ALIGN (0x8)
                0x1fffe000                _mtb_end = .

.data           0x1fffe000        0xc load address 0x00002af4
                0x1fffe000                . = ALIGN (0x4)
                0x1fffe000                _sdata = .
 *(.data)
 *(.data*)
 .data._mqx_kernel_data
                0x1fffe000        0x4 ./MQXLITE/kernel/mqxlite.o
                0x1fffe000                _mqx_kernel_data
 .data.mqx_task_stack_pointers
                0x1fffe004        0x8 ./Generated_Code/MQX1.o
                0x1fffe004                mqx_task_stack_pointers
                0x1fffe00c                . = ALIGN (0x4)
                0x1fffe00c                _edata = .
                0x0000000c                ___data_size = (_edata - _sdata)

.jcr            0x1fffe00c        0x0 load address 0x00002b00
 .jcr           0x1fffe00c        0x0 c:/freescale/kds_1.1.0/toolchain/bin/../lib/gcc/arm-none-eabi/4.8.0/crtbegin.o

.tm_clone_table
                0x1fffe00c        0x0 load address 0x00002b00
 .tm_clone_table
                0x1fffe00c        0x0 c:/freescale/kds_1.1.0/toolchain/bin/../lib/gcc/arm-none-eabi/4.8.0/crtbegin.o
 .tm_clone_table
                0x1fffe00c        0x0 c:/freescale/kds_1.1.0/toolchain/bin/../lib/gcc/arm-none-eabi/4.8.0/crtend.o

.igot.plt       0x1fffe00c        0x0 load address 0x00002b00
 .igot.plt      0x00000000        0x0 c:/freescale/kds_1.1.0/toolchain/bin/../lib/gcc/arm-none-eabi/4.8.0/crtbegin.o
                0x1fffe00c                . = ALIGN (0x4)

.bss            0x1fffe00c      0x858 load address 0x00002b00
                0x1fffe00c                __START_BSS = .
                0x1fffe00c                PROVIDE (__bss_start__, __START_BSS)
 *(.bss)
 *(.bss*)
 .bss.completed.6137
                0x1fffe00c        0x1 c:/freescale/kds_1.1.0/toolchain/bin/../lib/gcc/arm-none-eabi/4.8.0/crtbegin.o
 *fill*         0x1fffe00d        0x3 
 .bss.object.6142
                0x1fffe010       0x18 c:/freescale/kds_1.1.0/toolchain/bin/../lib/gcc/arm-none-eabi/4.8.0/crtbegin.o
 .bss.argv      0x1fffe028       0x28 ./Project_Settings/Startup_Code/startup.o
 .bss.DeviceDataPrv__DEFAULT_RTOS_ALLOC
                0x1fffe050        0x4 ./Generated_Code/BitIoLdd1.o
 .bss.SystemTimerDeviceDataPtr
                0x1fffe054        0x4 ./Generated_Code/MQX1.o
 .bss.PE_LDD_DeviceDataList
                0x1fffe058        0x8 ./Generated_Code/PE_LDD.o
                0x1fffe058                PE_LDD_DeviceDataList
 .bss.DeviceDataPrv__DEFAULT_RTOS_ALLOC
                0x1fffe060        0xc ./Generated_Code/SystemTimer1.o
 *(COMMON)
 COMMON         0x1fffe06c      0x7f8 ./Generated_Code/MQX1.o
                0x1fffe06c                _mqx_kernel_data_struct
                0x1fffe2a0                mqx_interrupt_stack
                0x1fffe3b0                LedBlink_task_task_stack
                0x1fffe638                mqx_static_ready_queue
                0x1fffe6d8                mqx_static_isr_table
                0x1fffe738                mqx_idle_task_stack
                0x1fffe864                . = ALIGN (0x4)
                0x1fffe864                __END_BSS = .
                0x1fffe864                PROVIDE (__bss_end__, __END_BSS)
                0x00002b00                _romp_at = (___ROM_AT + SIZEOF (.data))

.romp           0x1fffe864       0x18 load address 0x00002b00
                0x00002b00                __S_romp = _romp_at
                0x1fffe864        0x4 LONG 0x2af4 ___ROM_AT
                0x1fffe868        0x4 LONG 0x1fffe000 _sdata
                0x1fffe86c        0x4 LONG 0xc ___data_size
                0x1fffe870        0x4 LONG 0x0
                0x1fffe874        0x4 LONG 0x0
                0x1fffe878        0x4 LONG 0x0

._user_heap_stack
                0x1fffe87c      0x400 load address 0x00002b18
                0x1fffe87c                . = ALIGN (0x4)
                0x1fffe87c                PROVIDE (end, .)
                0x1fffe87c                PROVIDE (_end, .)
                0x1fffe87c                __heap_addr = .
                0x1fffe87c                __HeapBase = .
                0x1fffe87c                . = (. + __heap_size)
                0x1fffe87c                __HeapLimit = .
                0x1fffec7c                . = (. + __stack_size)
 *fill*         0x1fffe87c      0x400 
                0x1fffec7c                . = ALIGN (0x4)

.ARM.attributes
                0x00000000       0x2d
 *(.ARM.attributes)
 .ARM.attributes
                0x00000000       0x23 c:/freescale/kds_1.1.0/toolchain/bin/../lib/gcc/arm-none-eabi/4.8.0/crti.o
 .ARM.attributes
                0x00000023       0x31 c:/freescale/kds_1.1.0/toolchain/bin/../lib/gcc/arm-none-eabi/4.8.0/crtbegin.o
 .ARM.attributes
                0x00000054       0x32 ./Sources/Events.o
 .ARM.attributes
                0x00000086       0x32 ./Sources/main.o
 .ARM.attributes
                0x000000b8       0x32 ./Sources/mqx_tasks.o
 .ARM.attributes
                0x000000ea       0x32 ./Project_Settings/Startup_Code/startup.o
 .ARM.attributes
                0x0000011c       0x22 ./MQXLITE/psp/cortex_m/core/M0/boot.o
 .ARM.attributes
                0x0000013e       0x22 ./MQXLITE/psp/cortex_m/core/M0/dispatch.o
 .ARM.attributes
                0x00000160       0x32 ./MQXLITE/psp/cortex_m/int_inst.o
 .ARM.attributes
                0x00000192       0x32 ./MQXLITE/psp/cortex_m/int_vtab.o
 .ARM.attributes
                0x000001c4       0x32 ./MQXLITE/psp/cortex_m/mem_zero.o
 .ARM.attributes
                0x000001f6       0x32 ./MQXLITE/psp/cortex_m/psp_iinit.o
 .ARM.attributes
                0x00000228       0x32 ./MQXLITE/psp/cortex_m/psp_tinm.o
 .ARM.attributes
                0x0000025a       0x32 ./MQXLITE/psp/cortex_m/sc_irdyq.o
 .ARM.attributes
                0x0000028c       0x32 ./MQXLITE/psp/cortex_m/stack_bu.o
 .ARM.attributes
                0x000002be       0x32 ./MQXLITE/psp/cortex_m/stack_de.o
 .ARM.attributes
                0x000002f0       0x32 ./MQXLITE/kernel/idletask.o
 .ARM.attributes
                0x00000322       0x32 ./MQXLITE/kernel/int.o
 .ARM.attributes
                0x00000354       0x32 ./MQXLITE/kernel/lwsem.o
 .ARM.attributes
                0x00000386       0x32 ./MQXLITE/kernel/mqx_utils.o
 .ARM.attributes
                0x000003b8       0x32 ./MQXLITE/kernel/mqxlite.o
 .ARM.attributes
                0x000003ea       0x32 ./MQXLITE/kernel/sched.o
 .ARM.attributes
                0x0000041c       0x32 ./MQXLITE/kernel/task.o
 .ARM.attributes
                0x0000044e       0x32 ./MQXLITE/kernel/time_ticks.o
 .ARM.attributes
                0x00000480       0x32 ./MQXLITE/config/task_template_list.o
 .ARM.attributes
                0x000004b2       0x32 ./Generated_Code/BitIoLdd1.o
 .ARM.attributes
                0x000004e4       0x32 ./Generated_Code/Cpu.o
 .ARM.attributes
                0x00000516       0x32 ./Generated_Code/MQX1.o
 .ARM.attributes
                0x00000548       0x32 ./Generated_Code/PE_LDD.o
 .ARM.attributes
                0x0000057a       0x32 ./Generated_Code/SystemTimer1.o
 .ARM.attributes
                0x000005ac       0x32 ./Generated_Code/Vectors.o
 .ARM.attributes
                0x000005de       0x23 c:/freescale/kds_1.1.0/toolchain/bin/../lib/gcc/arm-none-eabi/4.8.0\libgcc.a(_udivsi3.o)
 .ARM.attributes
                0x00000601       0x23 c:/freescale/kds_1.1.0/toolchain/bin/../lib/gcc/arm-none-eabi/4.8.0\libgcc.a(_dvmd_tls.o)
 .ARM.attributes
                0x00000624       0x31 c:/freescale/kds_1.1.0/toolchain/bin/../lib/gcc/arm-none-eabi/4.8.0/crtend.o
 .ARM.attributes
                0x00000655       0x23 c:/freescale/kds_1.1.0/toolchain/bin/../lib/gcc/arm-none-eabi/4.8.0/crtn.o
OUTPUT(MQXlite_LedBlink.elf elf32-littlearm)

.comment        0x00000000       0x2a
 .comment       0x00000000       0x2a c:/freescale/kds_1.1.0/toolchain/bin/../lib/gcc/arm-none-eabi/4.8.0/crtbegin.o
                                 0x2b (size before relaxing)
 .comment       0x00000000       0x2b ./Sources/Events.o
 .comment       0x00000000       0x2b ./Sources/main.o
 .comment       0x00000000       0x2b ./Sources/mqx_tasks.o
 .comment       0x00000000       0x2b ./Project_Settings/Startup_Code/startup.o
 .comment       0x00000000       0x2b ./MQXLITE/psp/cortex_m/int_inst.o
 .comment       0x00000000       0x2b ./MQXLITE/psp/cortex_m/int_vtab.o
 .comment       0x00000000       0x2b ./MQXLITE/psp/cortex_m/mem_zero.o
 .comment       0x00000000       0x2b ./MQXLITE/psp/cortex_m/psp_iinit.o
 .comment       0x00000000       0x2b ./MQXLITE/psp/cortex_m/psp_tinm.o
 .comment       0x00000000       0x2b ./MQXLITE/psp/cortex_m/sc_irdyq.o
 .comment       0x00000000       0x2b ./MQXLITE/psp/cortex_m/stack_bu.o
 .comment       0x00000000       0x2b ./MQXLITE/psp/cortex_m/stack_de.o
 .comment       0x00000000       0x2b ./MQXLITE/kernel/idletask.o
 .comment       0x00000000       0x2b ./MQXLITE/kernel/int.o
 .comment       0x00000000       0x2b ./MQXLITE/kernel/lwsem.o
 .comment       0x00000000       0x2b ./MQXLITE/kernel/mqx_utils.o
 .comment       0x00000000       0x2b ./MQXLITE/kernel/mqxlite.o
 .comment       0x00000000       0x2b ./MQXLITE/kernel/sched.o
 .comment       0x00000000       0x2b ./MQXLITE/kernel/task.o
 .comment       0x00000000       0x2b ./MQXLITE/kernel/time_ticks.o
 .comment       0x00000000       0x2b ./MQXLITE/config/task_template_list.o
 .comment       0x00000000       0x2b ./Generated_Code/BitIoLdd1.o
 .comment       0x00000000       0x2b ./Generated_Code/Cpu.o
 .comment       0x00000000       0x2b ./Generated_Code/MQX1.o
 .comment       0x00000000       0x2b ./Generated_Code/PE_LDD.o
 .comment       0x00000000       0x2b ./Generated_Code/SystemTimer1.o
 .comment       0x00000000       0x2b ./Generated_Code/Vectors.o
 .comment       0x00000000       0x2b c:/freescale/kds_1.1.0/toolchain/bin/../lib/gcc/arm-none-eabi/4.8.0/crtend.o

.debug_info     0x00000000     0xd760
 .debug_info    0x00000000       0x9d ./Sources/Events.o
 .debug_info    0x0000009d       0xa1 ./Sources/main.o
 .debug_info    0x0000013e       0xec ./Sources/mqx_tasks.o
 .debug_info    0x0000022a      0x308 ./Project_Settings/Startup_Code/startup.o
 .debug_info    0x00000532       0xa2 ./MQXLITE/psp/cortex_m/core/M0/boot.o
 .debug_info    0x000005d4       0xa6 ./MQXLITE/psp/cortex_m/core/M0/dispatch.o
 .debug_info    0x0000067a      0x975 ./MQXLITE/psp/cortex_m/int_inst.o
 .debug_info    0x00000fef      0x33d ./MQXLITE/psp/cortex_m/int_vtab.o
 .debug_info    0x0000132c      0x144 ./MQXLITE/psp/cortex_m/mem_zero.o
 .debug_info    0x00001470       0xe2 ./MQXLITE/psp/cortex_m/psp_iinit.o
 .debug_info    0x00001552      0xa06 ./MQXLITE/psp/cortex_m/psp_tinm.o
 .debug_info    0x00001f58      0xb36 ./MQXLITE/psp/cortex_m/sc_irdyq.o
 .debug_info    0x00002a8e      0x607 ./MQXLITE/psp/cortex_m/stack_bu.o
 .debug_info    0x00003095      0x3fc ./MQXLITE/psp/cortex_m/stack_de.o
 .debug_info    0x00003491      0x988 ./MQXLITE/kernel/idletask.o
 .debug_info    0x00003e19      0xd6b ./MQXLITE/kernel/int.o
 .debug_info    0x00004b84      0xff5 ./MQXLITE/kernel/lwsem.o
 .debug_info    0x00005b79      0xb27 ./MQXLITE/kernel/mqx_utils.o
 .debug_info    0x000066a0      0xd57 ./MQXLITE/kernel/mqxlite.o
 .debug_info    0x000073f7      0xbf5 ./MQXLITE/kernel/sched.o
 .debug_info    0x00007fec     0x1ddc ./MQXLITE/kernel/task.o
 .debug_info    0x00009dc8      0xfb6 ./MQXLITE/kernel/time_ticks.o
 .debug_info    0x0000ad7e      0x296 ./MQXLITE/config/task_template_list.o
 .debug_info    0x0000b014      0x3a2 ./Generated_Code/BitIoLdd1.o
 .debug_info    0x0000b3b6      0xabe ./Generated_Code/Cpu.o
 .debug_info    0x0000be74      0xd3f ./Generated_Code/MQX1.o
 .debug_info    0x0000cbb3      0x381 ./Generated_Code/PE_LDD.o
 .debug_info    0x0000cf34      0x5f9 ./Generated_Code/SystemTimer1.o
 .debug_info    0x0000d52d      0x233 ./Generated_Code/Vectors.o

.debug_abbrev   0x00000000     0x2322
 .debug_abbrev  0x00000000       0x45 ./Sources/Events.o
 .debug_abbrev  0x00000045       0x47 ./Sources/main.o
 .debug_abbrev  0x0000008c       0xa5 ./Sources/mqx_tasks.o
 .debug_abbrev  0x00000131      0x148 ./Project_Settings/Startup_Code/startup.o
 .debug_abbrev  0x00000279       0x14 ./MQXLITE/psp/cortex_m/core/M0/boot.o
 .debug_abbrev  0x0000028d       0x14 ./MQXLITE/psp/cortex_m/core/M0/dispatch.o
 .debug_abbrev  0x000002a1      0x12e ./MQXLITE/psp/cortex_m/int_inst.o
 .debug_abbrev  0x000003cf      0x120 ./MQXLITE/psp/cortex_m/int_vtab.o
 .debug_abbrev  0x000004ef       0x80 ./MQXLITE/psp/cortex_m/mem_zero.o
 .debug_abbrev  0x0000056f       0x72 ./MQXLITE/psp/cortex_m/psp_iinit.o
 .debug_abbrev  0x000005e1      0x155 ./MQXLITE/psp/cortex_m/psp_tinm.o
 .debug_abbrev  0x00000736      0x192 ./MQXLITE/psp/cortex_m/sc_irdyq.o
 .debug_abbrev  0x000008c8      0x117 ./MQXLITE/psp/cortex_m/stack_bu.o
 .debug_abbrev  0x000009df       0xdc ./MQXLITE/psp/cortex_m/stack_de.o
 .debug_abbrev  0x00000abb      0x144 ./MQXLITE/kernel/idletask.o
 .debug_abbrev  0x00000bff      0x1ff ./MQXLITE/kernel/int.o
 .debug_abbrev  0x00000dfe      0x1c7 ./MQXLITE/kernel/lwsem.o
 .debug_abbrev  0x00000fc5      0x1e1 ./MQXLITE/kernel/mqx_utils.o
 .debug_abbrev  0x000011a6      0x1e3 ./MQXLITE/kernel/mqxlite.o
 .debug_abbrev  0x00001389      0x1c5 ./MQXLITE/kernel/sched.o
 .debug_abbrev  0x0000154e      0x276 ./MQXLITE/kernel/task.o
 .debug_abbrev  0x000017c4      0x200 ./MQXLITE/kernel/time_ticks.o
 .debug_abbrev  0x000019c4       0xba ./MQXLITE/config/task_template_list.o
 .debug_abbrev  0x00001a7e      0x15f ./Generated_Code/BitIoLdd1.o
 .debug_abbrev  0x00001bdd      0x186 ./Generated_Code/Cpu.o
 .debug_abbrev  0x00001d63      0x1bd ./Generated_Code/MQX1.o
 .debug_abbrev  0x00001f20      0x123 ./Generated_Code/PE_LDD.o
 .debug_abbrev  0x00002043      0x225 ./Generated_Code/SystemTimer1.o
 .debug_abbrev  0x00002268       0xba ./Generated_Code/Vectors.o

.debug_aranges  0x00000000      0x7c0
 .debug_aranges
                0x00000000       0x20 ./Sources/Events.o
 .debug_aranges
                0x00000020       0x20 ./Sources/main.o
 .debug_aranges
                0x00000040       0x20 ./Sources/mqx_tasks.o
 .debug_aranges
                0x00000060       0x60 ./Project_Settings/Startup_Code/startup.o
 .debug_aranges
                0x000000c0       0x20 ./MQXLITE/psp/cortex_m/core/M0/boot.o
 .debug_aranges
                0x000000e0       0x20 ./MQXLITE/psp/cortex_m/core/M0/dispatch.o
 .debug_aranges
                0x00000100       0x20 ./MQXLITE/psp/cortex_m/int_inst.o
 .debug_aranges
                0x00000120       0x28 ./MQXLITE/psp/cortex_m/int_vtab.o
 .debug_aranges
                0x00000148       0x20 ./MQXLITE/psp/cortex_m/mem_zero.o
 .debug_aranges
                0x00000168       0x20 ./MQXLITE/psp/cortex_m/psp_iinit.o
 .debug_aranges
                0x00000188       0x20 ./MQXLITE/psp/cortex_m/psp_tinm.o
 .debug_aranges
                0x000001a8       0x28 ./MQXLITE/psp/cortex_m/sc_irdyq.o
 .debug_aranges
                0x000001d0       0x20 ./MQXLITE/psp/cortex_m/stack_bu.o
 .debug_aranges
                0x000001f0       0x20 ./MQXLITE/psp/cortex_m/stack_de.o
 .debug_aranges
                0x00000210       0x20 ./MQXLITE/kernel/idletask.o
 .debug_aranges
                0x00000230       0x90 ./MQXLITE/kernel/int.o
 .debug_aranges
                0x000002c0       0x80 ./MQXLITE/kernel/lwsem.o
 .debug_aranges
                0x00000340       0x60 ./MQXLITE/kernel/mqx_utils.o
 .debug_aranges
                0x000003a0       0x30 ./MQXLITE/kernel/mqxlite.o
 .debug_aranges
                0x000003d0       0x58 ./MQXLITE/kernel/sched.o
 .debug_aranges
                0x00000428      0x160 ./MQXLITE/kernel/task.o
 .debug_aranges
                0x00000588       0xb8 ./MQXLITE/kernel/time_ticks.o
 .debug_aranges
                0x00000640       0x18 ./MQXLITE/config/task_template_list.o
 .debug_aranges
                0x00000658       0x48 ./Generated_Code/BitIoLdd1.o
 .debug_aranges
                0x000006a0       0x38 ./Generated_Code/Cpu.o
 .debug_aranges
                0x000006d8       0x40 ./Generated_Code/MQX1.o
 .debug_aranges
                0x00000718       0x30 ./Generated_Code/PE_LDD.o
 .debug_aranges
                0x00000748       0x60 ./Generated_Code/SystemTimer1.o
 .debug_aranges
                0x000007a8       0x18 ./Generated_Code/Vectors.o

.debug_ranges   0x00000000      0x5c0
 .debug_ranges  0x00000000       0x10 ./Sources/Events.o
 .debug_ranges  0x00000010       0x10 ./Sources/main.o
 .debug_ranges  0x00000020       0x10 ./Sources/mqx_tasks.o
 .debug_ranges  0x00000030       0x50 ./Project_Settings/Startup_Code/startup.o
 .debug_ranges  0x00000080       0x10 ./MQXLITE/psp/cortex_m/int_inst.o
 .debug_ranges  0x00000090       0x18 ./MQXLITE/psp/cortex_m/int_vtab.o
 .debug_ranges  0x000000a8       0x10 ./MQXLITE/psp/cortex_m/mem_zero.o
 .debug_ranges  0x000000b8       0x10 ./MQXLITE/psp/cortex_m/psp_iinit.o
 .debug_ranges  0x000000c8       0x10 ./MQXLITE/psp/cortex_m/psp_tinm.o
 .debug_ranges  0x000000d8       0x18 ./MQXLITE/psp/cortex_m/sc_irdyq.o
 .debug_ranges  0x000000f0       0x10 ./MQXLITE/psp/cortex_m/stack_bu.o
 .debug_ranges  0x00000100       0x10 ./MQXLITE/psp/cortex_m/stack_de.o
 .debug_ranges  0x00000110       0x10 ./MQXLITE/kernel/idletask.o
 .debug_ranges  0x00000120       0x80 ./MQXLITE/kernel/int.o
 .debug_ranges  0x000001a0       0x70 ./MQXLITE/kernel/lwsem.o
 .debug_ranges  0x00000210       0x50 ./MQXLITE/kernel/mqx_utils.o
 .debug_ranges  0x00000260       0x20 ./MQXLITE/kernel/mqxlite.o
 .debug_ranges  0x00000280       0x48 ./MQXLITE/kernel/sched.o
 .debug_ranges  0x000002c8      0x150 ./MQXLITE/kernel/task.o
 .debug_ranges  0x00000418       0xa8 ./MQXLITE/kernel/time_ticks.o
 .debug_ranges  0x000004c0       0x38 ./Generated_Code/BitIoLdd1.o
 .debug_ranges  0x000004f8       0x28 ./Generated_Code/Cpu.o
 .debug_ranges  0x00000520       0x30 ./Generated_Code/MQX1.o
 .debug_ranges  0x00000550       0x20 ./Generated_Code/PE_LDD.o
 .debug_ranges  0x00000570       0x50 ./Generated_Code/SystemTimer1.o

.debug_macro    0x00000000    0x127f1
 .debug_macro   0x00000000      0x1a1 ./Sources/Events.o
 .debug_macro   0x000001a1      0x802 ./Sources/Events.o
 .debug_macro   0x000009a3      0x214 ./Sources/Events.o
 .debug_macro   0x00000bb7     0x1592 ./Sources/Events.o
 .debug_macro   0x00002149      0x14e ./Sources/Events.o
 .debug_macro   0x00002297       0x64 ./Sources/Events.o
 .debug_macro   0x000022fb     0x882c ./Sources/Events.o
 .debug_macro   0x0000ab27       0x9a ./Sources/Events.o
 .debug_macro   0x0000abc1       0x94 ./Sources/Events.o
 .debug_macro   0x0000ac55      0x12b ./Sources/Events.o
 .debug_macro   0x0000ad80       0x46 ./Sources/Events.o
 .debug_macro   0x0000adc6       0x27 ./Sources/Events.o
 .debug_macro   0x0000aded       0x86 ./Sources/Events.o
 .debug_macro   0x0000ae73       0x81 ./Sources/Events.o
 .debug_macro   0x0000aef4       0x16 ./Sources/Events.o
 .debug_macro   0x0000af0a       0x16 ./Sources/Events.o
 .debug_macro   0x0000af20       0x70 ./Sources/Events.o
 .debug_macro   0x0000af90      0x215 ./Sources/Events.o
 .debug_macro   0x0000b1a5       0xa2 ./Sources/Events.o
 .debug_macro   0x0000b247       0x16 ./Sources/Events.o
 .debug_macro   0x0000b25d       0x1c ./Sources/Events.o
 .debug_macro   0x0000b279      0x70f ./Sources/Events.o
 .debug_macro   0x0000b988       0xa6 ./Sources/Events.o
 .debug_macro   0x0000ba2e      0x16d ./Sources/Events.o
 .debug_macro   0x0000bb9b       0x7c ./Sources/Events.o
 .debug_macro   0x0000bc17       0xfc ./Sources/Events.o
 .debug_macro   0x0000bd13       0x89 ./Sources/Events.o
 .debug_macro   0x0000bd9c      0x3c9 ./Sources/Events.o
 .debug_macro   0x0000c165       0x67 ./Sources/Events.o
 .debug_macro   0x0000c1cc      0x1a1 ./Sources/main.o
 .debug_macro   0x0000c36d      0x1a1 ./Sources/mqx_tasks.o
 .debug_macro   0x0000c50e       0xee ./Project_Settings/Startup_Code/startup.o
 .debug_macro   0x0000c5fc       0x2e ./Project_Settings/Startup_Code/startup.o
 .debug_macro   0x0000c62a       0x2e ./Project_Settings/Startup_Code/startup.o
 .debug_macro   0x0000c658       0x95 ./Project_Settings/Startup_Code/startup.o
 .debug_macro   0x0000c6ed       0x3a ./Project_Settings/Startup_Code/startup.o
 .debug_macro   0x0000c727       0x52 ./Project_Settings/Startup_Code/startup.o
 .debug_macro   0x0000c779       0x19 ./Project_Settings/Startup_Code/startup.o
 .debug_macro   0x0000c792      0x16d ./Project_Settings/Startup_Code/startup.o
 .debug_macro   0x0000c8ff       0x89 ./Project_Settings/Startup_Code/startup.o
 .debug_macro   0x0000c988       0x10 ./Project_Settings/Startup_Code/startup.o
 .debug_macro   0x0000c998       0x89 ./Project_Settings/Startup_Code/startup.o
 .debug_macro   0x0000ca21       0x1c ./Project_Settings/Startup_Code/startup.o
 .debug_macro   0x0000ca3d      0x1d6 ./MQXLITE/psp/cortex_m/int_inst.o
 .debug_macro   0x0000cc13      0x1d6 ./MQXLITE/psp/cortex_m/int_vtab.o
 .debug_macro   0x0000cde9      0x1d6 ./MQXLITE/psp/cortex_m/mem_zero.o
 .debug_macro   0x0000cfbf      0x1d6 ./MQXLITE/psp/cortex_m/psp_iinit.o
 .debug_macro   0x0000d195      0x1d6 ./MQXLITE/psp/cortex_m/psp_tinm.o
 .debug_macro   0x0000d36b      0x1d6 ./MQXLITE/psp/cortex_m/sc_irdyq.o
 .debug_macro   0x0000d541      0x1d6 ./MQXLITE/psp/cortex_m/stack_bu.o
 .debug_macro   0x0000d717      0x1d6 ./MQXLITE/psp/cortex_m/stack_de.o
 .debug_macro   0x0000d8ed      0x1d6 ./MQXLITE/kernel/idletask.o
 .debug_macro   0x0000dac3      0x1d6 ./MQXLITE/kernel/int.o
 .debug_macro   0x0000dc99      0x1d6 ./MQXLITE/kernel/lwsem.o
 .debug_macro   0x0000de6f      0x225 ./MQXLITE/kernel/mqx_utils.o
 .debug_macro   0x0000e094      0x225 ./MQXLITE/kernel/mqxlite.o
 .debug_macro   0x0000e2b9      0x1d6 ./MQXLITE/kernel/sched.o
 .debug_macro   0x0000e48f      0x27c ./MQXLITE/kernel/task.o
 .debug_macro   0x0000e70b     0x158c ./MQXLITE/kernel/task.o
 .debug_macro   0x0000fc97      0x1e2 ./MQXLITE/kernel/time_ticks.o
 .debug_macro   0x0000fe79      0x197 ./MQXLITE/config/task_template_list.o
 .debug_macro   0x00010010      0x136 ./Generated_Code/BitIoLdd1.o
 .debug_macro   0x00010146       0x9c ./Generated_Code/BitIoLdd1.o
 .debug_macro   0x000101e2      0x6fd ./Generated_Code/BitIoLdd1.o
 .debug_macro   0x000108df     0x1586 ./Generated_Code/BitIoLdd1.o
 .debug_macro   0x00011e65      0x1a5 ./Generated_Code/Cpu.o
 .debug_macro   0x0001200a      0x1b7 ./Generated_Code/MQX1.o
 .debug_macro   0x000121c1       0x80 ./Generated_Code/MQX1.o
 .debug_macro   0x00012241      0x131 ./Generated_Code/MQX1.o
 .debug_macro   0x00012372      0x17f ./Generated_Code/PE_LDD.o
 .debug_macro   0x000124f1      0x155 ./Generated_Code/SystemTimer1.o
 .debug_macro   0x00012646      0x1ab ./Generated_Code/Vectors.o

.debug_line     0x00000000     0xa4cb
 .debug_line    0x00000000      0x4c8 ./Sources/Events.o
 .debug_line    0x000004c8      0x4ce ./Sources/main.o
 .debug_line    0x00000996      0x4de ./Sources/mqx_tasks.o
 .debug_line    0x00000e74      0x322 ./Project_Settings/Startup_Code/startup.o
 .debug_line    0x00001196       0x68 ./MQXLITE/psp/cortex_m/core/M0/boot.o
 .debug_line    0x000011fe      0x18b ./MQXLITE/psp/cortex_m/core/M0/dispatch.o
 .debug_line    0x00001389      0x58b ./MQXLITE/psp/cortex_m/int_inst.o
 .debug_line    0x00001914      0x59e ./MQXLITE/psp/cortex_m/int_vtab.o
 .debug_line    0x00001eb2      0x610 ./MQXLITE/psp/cortex_m/mem_zero.o
 .debug_line    0x000024c2      0x58c ./MQXLITE/psp/cortex_m/psp_iinit.o
 .debug_line    0x00002a4e      0x58d ./MQXLITE/psp/cortex_m/psp_tinm.o
 .debug_line    0x00002fdb      0x5e5 ./MQXLITE/psp/cortex_m/sc_irdyq.o
 .debug_line    0x000035c0      0x596 ./MQXLITE/psp/cortex_m/stack_bu.o
 .debug_line    0x00003b56      0x587 ./MQXLITE/psp/cortex_m/stack_de.o
 .debug_line    0x000040dd      0x586 ./MQXLITE/kernel/idletask.o
 .debug_line    0x00004663      0x749 ./MQXLITE/kernel/int.o
 .debug_line    0x00004dac      0x80c ./MQXLITE/kernel/lwsem.o
 .debug_line    0x000055b8      0x71d ./MQXLITE/kernel/mqx_utils.o
 .debug_line    0x00005cd5      0x6c7 ./MQXLITE/kernel/mqxlite.o
 .debug_line    0x0000639c      0x684 ./MQXLITE/kernel/sched.o
 .debug_line    0x00006a20      0xc75 ./MQXLITE/kernel/task.o
 .debug_line    0x00007695      0x8c0 ./MQXLITE/kernel/time_ticks.o
 .debug_line    0x00007f55      0x525 ./MQXLITE/config/task_template_list.o
 .debug_line    0x0000847a      0x4d0 ./Generated_Code/BitIoLdd1.o
 .debug_line    0x0000894a      0x60e ./Generated_Code/Cpu.o
 .debug_line    0x00008f58      0x5be ./Generated_Code/MQX1.o
 .debug_line    0x00009516      0x4f8 ./Generated_Code/PE_LDD.o
 .debug_line    0x00009a0e      0x541 ./Generated_Code/SystemTimer1.o
 .debug_line    0x00009f4f      0x57c ./Generated_Code/Vectors.o

.debug_str      0x00000000    0x432df
 .debug_str     0x00000000    0x3e162 ./Sources/Events.o
                              0x3e55d (size before relaxing)
 .debug_str     0x0003e162       0x17 ./Sources/main.o
                              0x3e553 (size before relaxing)
 .debug_str     0x0003e179       0xbd ./Sources/mqx_tasks.o
                              0x3e5a6 (size before relaxing)
 .debug_str     0x0003e236     0x1cbb ./Project_Settings/Startup_Code/startup.o
                               0x4001 (size before relaxing)
 .debug_str     0x0003fef1     0x124d ./MQXLITE/psp/cortex_m/int_inst.o
                              0x3f83f (size before relaxing)
 .debug_str     0x0004113e      0x186 ./MQXLITE/psp/cortex_m/int_vtab.o
                              0x3f0c2 (size before relaxing)
 .debug_str     0x000412c4       0x8f ./MQXLITE/psp/cortex_m/mem_zero.o
                              0x3efcf (size before relaxing)
 .debug_str     0x00041353       0x6b ./MQXLITE/psp/cortex_m/psp_iinit.o
                              0x3efa9 (size before relaxing)
 .debug_str     0x000413be       0x64 ./MQXLITE/psp/cortex_m/psp_tinm.o
                              0x3f887 (size before relaxing)
 .debug_str     0x00041422      0x143 ./MQXLITE/psp/cortex_m/sc_irdyq.o
                              0x3f95d (size before relaxing)
 .debug_str     0x00041565      0x163 ./MQXLITE/psp/cortex_m/stack_bu.o
                              0x3f3a6 (size before relaxing)
 .debug_str     0x000416c8       0x3c ./MQXLITE/psp/cortex_m/stack_de.o
                              0x3f253 (size before relaxing)
 .debug_str     0x00041704       0x2c ./MQXLITE/kernel/idletask.o
                              0x3f841 (size before relaxing)
 .debug_str     0x00041730      0x1d5 ./MQXLITE/kernel/int.o
                              0x3fa7b (size before relaxing)
 .debug_str     0x00041905      0x17f ./MQXLITE/kernel/lwsem.o
                              0x3fa23 (size before relaxing)
 .debug_str     0x00041a84      0x11f ./MQXLITE/kernel/mqx_utils.o
                              0x3fd00 (size before relaxing)
 .debug_str     0x00041ba3      0x3ce ./MQXLITE/kernel/mqxlite.o
                              0x3ff94 (size before relaxing)
 .debug_str     0x00041f71      0x153 ./MQXLITE/kernel/sched.o
                              0x3f9ba (size before relaxing)
 .debug_str     0x000420c4      0x598 ./MQXLITE/kernel/task.o
                              0x41c11 (size before relaxing)
 .debug_str     0x0004265c      0x266 ./MQXLITE/kernel/time_ticks.o
                              0x3fb67 (size before relaxing)
 .debug_str     0x000428c2       0xb8 ./MQXLITE/config/task_template_list.o
                              0x3e88a (size before relaxing)
 .debug_str     0x0004297a      0x170 ./Generated_Code/BitIoLdd1.o
                              0x3d563 (size before relaxing)
 .debug_str     0x00042aea      0x224 ./Generated_Code/Cpu.o
                              0x3ec27 (size before relaxing)
 .debug_str     0x00042d0e      0x214 ./Generated_Code/MQX1.o
                              0x3f34a (size before relaxing)
 .debug_str     0x00042f22      0x16b ./Generated_Code/PE_LDD.o
                              0x3e8fc (size before relaxing)
 .debug_str     0x0004308d      0x236 ./Generated_Code/SystemTimer1.o
                              0x3dfa8 (size before relaxing)
 .debug_str     0x000432c3       0x1c ./Generated_Code/Vectors.o
                              0x3e7ca (size before relaxing)

.debug_frame    0x00000000     0x1564
 .debug_frame   0x00000000       0x2c ./Sources/Events.o
 .debug_frame   0x0000002c       0x2c ./Sources/main.o
 .debug_frame   0x00000058       0x30 ./Sources/mqx_tasks.o
 .debug_frame   0x00000088      0x120 ./Project_Settings/Startup_Code/startup.o
 .debug_frame   0x000001a8       0x30 ./MQXLITE/psp/cortex_m/int_inst.o
 .debug_frame   0x000001d8       0x4c ./MQXLITE/psp/cortex_m/int_vtab.o
 .debug_frame   0x00000224       0x34 ./MQXLITE/psp/cortex_m/mem_zero.o
 .debug_frame   0x00000258       0x30 ./MQXLITE/psp/cortex_m/psp_iinit.o
 .debug_frame   0x00000288       0x38 ./MQXLITE/psp/cortex_m/psp_tinm.o
 .debug_frame   0x000002c0       0x50 ./MQXLITE/psp/cortex_m/sc_irdyq.o
 .debug_frame   0x00000310       0x30 ./MQXLITE/psp/cortex_m/stack_bu.o
 .debug_frame   0x00000340       0x30 ./MQXLITE/psp/cortex_m/stack_de.o
 .debug_frame   0x00000370       0x30 ./MQXLITE/kernel/idletask.o
 .debug_frame   0x000003a0      0x1f0 ./MQXLITE/kernel/int.o
 .debug_frame   0x00000590      0x1b4 ./MQXLITE/kernel/lwsem.o
 .debug_frame   0x00000744      0x12c ./MQXLITE/kernel/mqx_utils.o
 .debug_frame   0x00000870       0x70 ./MQXLITE/kernel/mqxlite.o
 .debug_frame   0x000008e0      0x114 ./MQXLITE/kernel/sched.o
 .debug_frame   0x000009f4      0x528 ./MQXLITE/kernel/task.o
 .debug_frame   0x00000f1c      0x2ac ./MQXLITE/kernel/time_ticks.o
 .debug_frame   0x000011c8       0xd0 ./Generated_Code/BitIoLdd1.o
 .debug_frame   0x00001298       0x80 ./Generated_Code/Cpu.o
 .debug_frame   0x00001318       0xb0 ./Generated_Code/MQX1.o
 .debug_frame   0x000013c8       0x6c ./Generated_Code/PE_LDD.o
 .debug_frame   0x00001434      0x130 ./Generated_Code/SystemTimer1.o
